Component: ARM Compiler 5.06 update 7 (build 960) Tool: armlink [4d3601]

==============================================================================

Section Cross References

    startup_lpc17xx.o(STACK) refers (Special) to heapauxi.o(.text) for __use_two_region_memory
    startup_lpc17xx.o(HEAP) refers (Special) to heapauxi.o(.text) for __use_two_region_memory
    startup_lpc17xx.o(RESET) refers (Special) to heapauxi.o(.text) for __use_two_region_memory
    startup_lpc17xx.o(RESET) refers to startup_lpc17xx.o(STACK) for __initial_sp
    startup_lpc17xx.o(RESET) refers to startup_lpc17xx.o(.text) for Reset_Handler
    startup_lpc17xx.o(RESET) refers to irq_timer.o(.text) for TIMER0_IRQHandler
    startup_lpc17xx.o(RESET) refers to irq_adc.o(.text) for ADC_IRQHandler
    startup_lpc17xx.o(RESET) refers to irq_rit.o(.text) for RIT_IRQHandler
    startup_lpc17xx.o(.ARM.__at_0x02FC) refers (Special) to heapauxi.o(.text) for __use_two_region_memory
    startup_lpc17xx.o(.text) refers (Special) to heapauxi.o(.text) for __use_two_region_memory
    startup_lpc17xx.o(.text) refers to __main.o(!!!main) for __main
    startup_lpc17xx.o(.text) refers to startup_lpc17xx.o(HEAP) for Heap_Mem
    startup_lpc17xx.o(.text) refers to startup_lpc17xx.o(STACK) for Stack_Mem
    sample.o(.text) refers to system_lpc17xx.o(.text) for SystemInit
    sample.o(.text) refers to lib_rit.o(.text) for init_RIT
    sample.o(.text) refers to lib_timer.o(.text) for init_timer
    sample.o(.text) refers to lib_joystick.o(.text) for joystick_init
    sample.o(.text) refers to glcd.o(.text) for LCD_Initialization
    sample.o(.text) refers to touchpanel.o(.text) for TP_Init
    sample.o(.text) refers to lib_adc.o(.text) for ADC_init
    sample.o(.text) refers to myfunctions.o(.text) for LCD_DrawHeader
    sample.o(.text) refers to reset.o(.text) for reset
    system_lpc17xx.o(.text) refers to system_lpc17xx.o(.data) for .data
    irq_timer.o(.text) refers to _printf_percent.o(.ARM.Collect$$_printf_percent$$00000000) for _printf_percent
    irq_timer.o(.text) refers to _printf_d.o(.ARM.Collect$$_printf_percent$$00000009) for _printf_d
    irq_timer.o(.text) refers to _printf_dec.o(.text) for _printf_int_dec
    irq_timer.o(.text) refers to lib_timer.o(.text) for disable_timer
    irq_timer.o(.text) refers to glcd.o(.text) for LCD_DrawRectangle
    irq_timer.o(.text) refers to myfunctions.o(.text) for LCD_DrawByeByeIcon
    irq_timer.o(.text) refers to noretval__2sprintf.o(.text) for __2sprintf
    irq_timer.o(.text) refers to irq_timer.o(.data) for .data
    irq_timer.o(.text) refers to irq_rit.o(.data) for choice
    irq_timer.o(.text) refers to irq_adc.o(.data) for CurrentVolume
    asciilib.o(.text) refers to rt_memcpy_v6.o(.text) for __aeabi_memcpy
    asciilib.o(.text) refers to asciilib.o(.constdata) for .constdata
    glcd.o(.text) refers to glcd.o(.data) for .data
    glcd.o(.text) refers to asciilib.o(.text) for GetASCIICode
    myfunctions.o(.text) refers to glcd.o(.text) for LCD_SetPixel
    myfunctions.o(.text) refers to irq_timer.o(.data) for flag
    irq_rit.o(.text) refers to funct_joystick.o(.text) for joystick_Left
    irq_rit.o(.text) refers to touchpanel.o(.text) for Read_Ads7846
    irq_rit.o(.text) refers to lib_adc.o(.text) for ADC_start_conversion
    irq_rit.o(.text) refers to music.o(.text) for isNotePlaying
    irq_rit.o(.text) refers to irq_timer.o(.data) for IsEating
    irq_rit.o(.text) refers to irq_rit.o(.data) for .data
    irq_rit.o(.text) refers to touchpanel.o(.bss) for matrix
    irq_rit.o(.text) refers to touchpanel.o(.data) for display
    irq_rit.o(.text) refers to funct_joystick.o(.data) for clickFlag
    funct_joystick.o(.text) refers to glcd.o(.text) for LCD_DrawEmptyRectangle
    funct_joystick.o(.text) refers to myfunctions.o(.text) for LCD_DrawMeal
    funct_joystick.o(.text) refers to lib_rit.o(.text) for disable_RIT
    funct_joystick.o(.text) refers to reset.o(.text) for reset
    funct_joystick.o(.text) refers to irq_timer.o(.data) for stop
    funct_joystick.o(.text) refers to irq_rit.o(.data) for choice
    funct_joystick.o(.text) refers to funct_joystick.o(.data) for .data
    reset.o(.text) refers to myfunctions.o(.text) for LCD_DrawMyTamagotchi
    reset.o(.text) refers to lib_rit.o(.text) for enable_RIT
    reset.o(.text) refers to lib_timer.o(.text) for enable_timer
    touchpanel.o(.text) refers to glcd.o(.text) for LCD_SetPoint
    touchpanel.o(.text) refers to rt_memclr_w.o(.text) for __aeabi_memclr4
    touchpanel.o(.text) refers to dflt_clz.o(x$fpl$dflt) for __aeabi_i2d
    touchpanel.o(.text) refers to deqf.o(x$fpl$deqf) for __aeabi_cdcmpeq
    touchpanel.o(.text) refers to dflt_clz.o(x$fpl$dfltu) for __aeabi_ui2d
    touchpanel.o(.text) refers to dmul.o(x$fpl$dmul) for __aeabi_dmul
    touchpanel.o(.text) refers to daddsub_clz.o(x$fpl$dadd) for __aeabi_dadd
[...]
    _printf_percent.o(.ARM.Collect$$_printf_percent$$00000000) refers (Special) to _printf_percent_end.o(.ARM.Collect$$_printf_percent$$00000017) for _printf_percent_end
    rt_memcpy_v6.o(.text) refers to rt_memcpy_w.o(.text) for __aeabi_memcpy4
    __main.o(!!!main) refers to __rtentry.o(.ARM.Collect$$rtentry$$00000000) for __rt_entry
    daddsub_clz.o(x$fpl$dadd) refers (Special) to usenofp.o(x$fpl$usenofp) for __I$use$fp
    daddsub_clz.o(x$fpl$dadd) refers to daddsub_clz.o(x$fpl$dsub) for _dsub1
    daddsub_clz.o(x$fpl$dadd) refers to dretinf.o(x$fpl$dretinf) for __fpl_dretinf
    daddsub_clz.o(x$fpl$dadd) refers to dnaninf.o(x$fpl$dnaninf) for __fpl_dnaninf
    daddsub_clz.o(x$fpl$drsb) refers (Special) to usenofp.o(x$fpl$usenofp) for __I$use$fp
    daddsub_clz.o(x$fpl$drsb) refers to daddsub_clz.o(x$fpl$dadd) for _dadd1
    daddsub_clz.o(x$fpl$drsb) refers to daddsub_clz.o(x$fpl$dsub) for _dsub1
    daddsub_clz.o(x$fpl$dsub) refers (Special) to usenofp.o(x$fpl$usenofp) for __I$use$fp
    daddsub_clz.o(x$fpl$dsub) refers to daddsub_clz.o(x$fpl$dadd) for _dadd1
    daddsub_clz.o(x$fpl$dsub) refers to dnaninf.o(x$fpl$dnaninf) for __fpl_dnaninf
    ddiv.o(x$fpl$drdiv) refers (Special) to usenofp.o(x$fpl$usenofp) for __I$use$fp
    ddiv.o(x$fpl$drdiv) refers to ddiv.o(x$fpl$ddiv) for ddiv_entry
    ddiv.o(x$fpl$ddiv) refers (Special) to usenofp.o(x$fpl$usenofp) for __I$use$fp
    ddiv.o(x$fpl$ddiv) refers to dretinf.o(x$fpl$dretinf) for __fpl_dretinf
    ddiv.o(x$fpl$ddiv) refers to dnaninf.o(x$fpl$dnaninf) for __fpl_dnaninf
    deqf.o(x$fpl$deqf) refers (Special) to usenofp.o(x$fpl$usenofp) for __I$use$fp
    deqf.o(x$fpl$deqf) refers to dnaninf.o(x$fpl$dnaninf) for __fpl_dnaninf
    deqf.o(x$fpl$deqf) refers to dcmpi.o(x$fpl$dcmpinf) for __fpl_dcmp_Inf
    dfixu.o(x$fpl$dfixu) refers (Special) to usenofp.o(x$fpl$usenofp) for __I$use$fp
    dfixu.o(x$fpl$dfixu) refers to dnaninf.o(x$fpl$dnaninf) for __fpl_dnaninf
    dfixu.o(x$fpl$dfixur) refers (Special) to usenofp.o(x$fpl$usenofp) for __I$use$fp
    dfixu.o(x$fpl$dfixur) refers to dnaninf.o(x$fpl$dnaninf) for __fpl_dnaninf
    dflt_clz.o(x$fpl$dfltu) refers (Special) to usenofp.o(x$fpl$usenofp) for __I$use$fp
    dflt_clz.o(x$fpl$dflt) refers (Special) to usenofp.o(x$fpl$usenofp) for __I$use$fp
    dflt_clz.o(x$fpl$dfltn) refers (Special) to usenofp.o(x$fpl$usenofp) for __I$use$fp
    dmul.o(x$fpl$dmul) refers (Special) to usenofp.o(x$fpl$usenofp) for __I$use$fp
    dmul.o(x$fpl$dmul) refers to dretinf.o(x$fpl$dretinf) for __fpl_dretinf
    dmul.o(x$fpl$dmul) refers to dnaninf.o(x$fpl$dnaninf) for __fpl_dnaninf
    __rtentry.o(.ARM.Collect$$rtentry$$00000000) refers (Special) to __rtentry2.o(.ARM.Collect$$rtentry$$0000000A) for __rt_entry_li
    __rtentry.o(.ARM.Collect$$rtentry$$00000000) refers (Special) to __rtentry2.o(.ARM.Collect$$rtentry$$0000000D) for __rt_entry_main
    __rtentry.o(.ARM.Collect$$rtentry$$00000000) refers (Special) to __rtentry2.o(.ARM.Collect$$rtentry$$0000000C) for __rt_entry_postli_1
    __rtentry.o(.ARM.Collect$$rtentry$$00000000) refers (Special) to __rtentry2.o(.ARM.Collect$$rtentry$$00000009) for __rt_entry_postsh_1
    __rtentry.o(.ARM.Collect$$rtentry$$00000000) refers (Special) to __rtentry2.o(.ARM.Collect$$rtentry$$00000002) for __rt_entry_presh_1
    __rtentry.o(.ARM.Collect$$rtentry$$00000000) refers (Special) to __rtentry4.o(.ARM.Collect$$rtentry$$00000004) for __rt_entry_sh
    _printf_char_common.o(.text) refers to __printf.o(.text) for __printf
    dcmpi.o(x$fpl$dcmpinf) refers (Special) to usenofp.o(x$fpl$usenofp) for __I$use$fp
    dnaninf.o(x$fpl$dnaninf) refers (Special) to usenofp.o(x$fpl$usenofp) for __I$use$fp
    dretinf.o(x$fpl$dretinf) refers (Special) to usenofp.o(x$fpl$usenofp) for __I$use$fp
    __rtentry2.o(.ARM.Collect$$rtentry$$00000008) refers to boardinit2.o(.text) for _platform_post_stackheap_init
    __rtentry2.o(.ARM.Collect$$rtentry$$0000000A) refers to libinit.o(.ARM.Collect$$libinit$$00000000) for __rt_lib_init
    __rtentry2.o(.ARM.Collect$$rtentry$$0000000B) refers to boardinit3.o(.text) for _platform_post_lib_init
    __rtentry2.o(.ARM.Collect$$rtentry$$0000000D) refers to sample.o(.text) for main
    __rtentry2.o(.ARM.Collect$$rtentry$$0000000D) refers to exit.o(.text) for exit
    __rtentry2.o(.ARM.exidx) refers to __rtentry2.o(.ARM.Collect$$rtentry$$00000001) for .ARM.Collect$$rtentry$$00000001
    __rtentry2.o(.ARM.exidx) refers to __rtentry2.o(.ARM.Collect$$rtentry$$00000008) for .ARM.Collect$$rtentry$$00000008
    __rtentry2.o(.ARM.exidx) refers to __rtentry2.o(.ARM.Collect$$rtentry$$0000000A) for .ARM.Collect$$rtentry$$0000000A
    __rtentry2.o(.ARM.exidx) refers to __rtentry2.o(.ARM.Collect$$rtentry$$0000000B) for .ARM.Collect$$rtentry$$0000000B
    __rtentry2.o(.ARM.exidx) refers to __rtentry2.o(.ARM.Collect$$rtentry$$0000000D) for .ARM.Collect$$rtentry$$0000000D
    __rtentry4.o(.ARM.Collect$$rtentry$$00000004) refers to sys_stackheap_outer.o(.text) for __user_setup_stackheap
    __rtentry4.o(.ARM.exidx) refers to __rtentry4.o(.ARM.Collect$$rtentry$$00000004) for .ARM.Collect$$rtentry$$00000004
    sys_stackheap_outer.o(.text) refers to libspace.o(.text) for __user_perproc_libspace
    sys_stackheap_outer.o(.text) refers to startup_lpc17xx.o(.text) for __user_initial_stackheap
    exit.o(.text) refers to rtexit.o(.ARM.Collect$$rtexit$$00000000) for __rt_exit
    libinit.o(.ARM.Collect$$libinit$$00000000) refers (Special) to libinit2.o(.ARM.Collect$$libinit$$0000002E) for __rt_lib_init_alloca_1
    libinit.o(.ARM.Collect$$libinit$$00000000) refers (Special) to libinit2.o(.ARM.Collect$$libinit$$0000002C) for __rt_lib_init_argv_1
    libinit.o(.ARM.Collect$$libinit$$00000000) refers (Special) to libinit2.o(.ARM.Collect$$libinit$$0000001B) for __rt_lib_init_atexit_1
    libinit.o(.ARM.Collect$$libinit$$00000000) refers (Special) to libinit2.o(.ARM.Collect$$libinit$$00000021) for __rt_lib_init_clock_1
    libinit.o(.ARM.Collect$$libinit$$00000000) refers (Special) to libinit2.o(.ARM.Collect$$libinit$$00000032) for __rt_lib_init_cpp_1
    libinit.o(.ARM.Collect$$libinit$$00000000) refers (Special) to libinit2.o(.ARM.Collect$$libinit$$00000030) for __rt_lib_init_exceptions_1
    libinit.o(.ARM.Collect$$libinit$$00000000) refers (Special) to libinit2.o(.ARM.Collect$$libinit$$00000002) for __rt_lib_init_fp_1
    libinit.o(.ARM.Collect$$libinit$$00000000) refers (Special) to libinit2.o(.ARM.Collect$$libinit$$0000001F) for __rt_lib_init_fp_trap_1
    libinit.o(.ARM.Collect$$libinit$$00000000) refers (Special) to libinit2.o(.ARM.Collect$$libinit$$00000023) for __rt_lib_init_getenv_1
    libinit.o(.ARM.Collect$$libinit$$00000000) refers (Special) to libinit2.o(.ARM.Collect$$libinit$$0000000A) for __rt_lib_init_heap_1
    libinit.o(.ARM.Collect$$libinit$$00000000) refers (Special) to libinit2.o(.ARM.Collect$$libinit$$00000011) for __rt_lib_init_lc_collate_1
    libinit.o(.ARM.Collect$$libinit$$00000000) refers (Special) to libinit2.o(.ARM.Collect$$libinit$$00000013) for __rt_lib_init_lc_ctype_1
    libinit.o(.ARM.Collect$$libinit$$00000000) refers (Special) to libinit2.o(.ARM.Collect$$libinit$$00000015) for __rt_lib_init_lc_monetary_1
    libinit.o(.ARM.Collect$$libinit$$00000000) refers (Special) to libinit2.o(.ARM.Collect$$libinit$$00000017) for __rt_lib_init_lc_numeric_1
    libinit.o(.ARM.Collect$$libinit$$00000000) refers (Special) to libinit2.o(.ARM.Collect$$libinit$$00000019) for __rt_lib_init_lc_time_1
    libinit.o(.ARM.Collect$$libinit$$00000000) refers (Special) to libinit2.o(.ARM.Collect$$libinit$$00000004) for __rt_lib_init_preinit_1
    libinit.o(.ARM.Collect$$libinit$$00000000) refers (Special) to libinit2.o(.ARM.Collect$$libinit$$0000000E) for __rt_lib_init_rand_1
    libinit.o(.ARM.Collect$$libinit$$00000000) refers (Special) to libinit2.o(.ARM.Collect$$libinit$$00000033) for __rt_lib_init_return
    libinit.o(.ARM.Collect$$libinit$$00000000) refers (Special) to libinit2.o(.ARM.Collect$$libinit$$0000001D) for __rt_lib_init_signal_1
    libinit.o(.ARM.Collect$$libinit$$00000000) refers (Special) to libinit2.o(.ARM.Collect$$libinit$$00000025) for __rt_lib_init_stdio_1
    libinit.o(.ARM.Collect$$libinit$$00000000) refers (Special) to libinit2.o(.ARM.Collect$$libinit$$0000000C) for __rt_lib_init_user_alloc_1
    libspace.o(.text) refers to libspace.o(.bss) for __libspace_start
    rtexit.o(.ARM.Collect$$rtexit$$00000000) refers (Special) to rtexit2.o(.ARM.Collect$$rtexit$$00000004) for __rt_exit_exit
    rtexit.o(.ARM.Collect$$rtexit$$00000000) refers (Special) to rtexit2.o(.ARM.Collect$$rtexit$$00000003) for __rt_exit_ls
    rtexit.o(.ARM.Collect$$rtexit$$00000000) refers (Special) to rtexit2.o(.ARM.Collect$$rtexit$$00000002) for __rt_exit_prels_1
    rtexit.o(.ARM.exidx) refers (Special) to rtexit2.o(.ARM.Collect$$rtexit$$00000004) for __rt_exit_exit
    rtexit.o(.ARM.exidx) refers (Special) to rtexit2.o(.ARM.Collect$$rtexit$$00000003) for __rt_exit_ls
    rtexit.o(.ARM.exidx) refers (Special) to rtexit2.o(.ARM.Collect$$rtexit$$00000002) for __rt_exit_prels_1
    rtexit.o(.ARM.exidx) refers to rtexit.o(.ARM.Collect$$rtexit$$00000000) for .ARM.Collect$$rtexit$$00000000
    libinit2.o(.ARM.Collect$$libinit$$00000010) refers to libinit2.o(.ARM.Collect$$libinit$$0000000F) for .ARM.Collect$$libinit$$0000000F
    libinit2.o(.ARM.Collect$$libinit$$00000012) refers to libinit2.o(.ARM.Collect$$libinit$$0000000F) for .ARM.Collect$$libinit$$0000000F
    libinit2.o(.ARM.Collect$$libinit$$00000014) refers to libinit2.o(.ARM.Collect$$libinit$$0000000F) for .ARM.Collect$$libinit$$0000000F
    libinit2.o(.ARM.Collect$$libinit$$00000016) refers to libinit2.o(.ARM.Collect$$libinit$$0000000F) for .ARM.Collect$$libinit$$0000000F
    libinit2.o(.ARM.Collect$$libinit$$00000018) refers to libinit2.o(.ARM.Collect$$libinit$$0000000F) for .ARM.Collect$$libinit$$0000000F
    libinit2.o(.ARM.Collect$$libinit$$00000026) refers to argv_veneer.o(.emb_text) for __ARM_argv_veneer
    libinit2.o(.ARM.Collect$$libinit$$00000027) refers to argv_veneer.o(.emb_text) for __ARM_argv_veneer
    rtexit2.o(.ARM.Collect$$rtexit$$00000003) refers to libshutdown.o(.ARM.Collect$$libshutdown$$00000000) for __rt_lib_shutdown
    rtexit2.o(.ARM.Collect$$rtexit$$00000004) refers to sys_exit.o(.text) for _sys_exit
    rtexit2.o(.ARM.exidx) refers to rtexit2.o(.ARM.Collect$$rtexit$$00000001) for .ARM.Collect$$rtexit$$00000001
    rtexit2.o(.ARM.exidx) refers to rtexit2.o(.ARM.Collect$$rtexit$$00000003) for .ARM.Collect$$rtexit$$00000003
    rtexit2.o(.ARM.exidx) refers to rtexit2.o(.ARM.Collect$$rtexit$$00000004) for .ARM.Collect$$rtexit$$00000004
    argv_veneer.o(.emb_text) refers to no_argv.o(.text) for __ARM_get_argv
    sys_exit.o(.text) refers (Special) to use_no_semi.o(.text) for __I$use$semihosting
    sys_exit.o(.text) refers (Special) to indicate_semi.o(.text) for __semihosting_library_function
    _get_argv_nomalloc.o(.text) refers (Special) to hrguard.o(.text) for __heap_region$guard
    _get_argv_nomalloc.o(.text) refers to defsig_rtmem_outer.o(.text) for __rt_SIGRTMEM
    _get_argv_nomalloc.o(.text) refers to sys_command.o(.text) for _sys_command_string
    libshutdown.o(.ARM.Collect$$libshutdown$$00000000) refers (Special) to libshutdown2.o(.ARM.Collect$$libshutdown$$00000004) for __rt_lib_shutdown_cpp_1
    libshutdown.o(.ARM.Collect$$libshutdown$$00000000) refers (Special) to libshutdown2.o(.ARM.Collect$$libshutdown$$00000002) for __rt_lib_shutdown_fini_1
    libshutdown.o(.ARM.Collect$$libshutdown$$00000000) refers (Special) to libshutdown2.o(.ARM.Collect$$libshutdown$$00000009) for __rt_lib_shutdown_fp_trap_1
    libshutdown.o(.ARM.Collect$$libshutdown$$00000000) refers (Special) to libshutdown2.o(.ARM.Collect$$libshutdown$$00000011) for __rt_lib_shutdown_heap_1
    libshutdown.o(.ARM.Collect$$libshutdown$$00000000) refers (Special) to libshutdown2.o(.ARM.Collect$$libshutdown$$00000012) for __rt_lib_shutdown_return
    libshutdown.o(.ARM.Collect$$libshutdown$$00000000) refers (Special) to libshutdown2.o(.ARM.Collect$$libshutdown$$0000000C) for __rt_lib_shutdown_signal_1
    libshutdown.o(.ARM.Collect$$libshutdown$$00000000) refers (Special) to libshutdown2.o(.ARM.Collect$$libshutdown$$00000006) for __rt_lib_shutdown_stdio_1
    libshutdown.o(.ARM.Collect$$libshutdown$$00000000) refers (Special) to libshutdown2.o(.ARM.Collect$$libshutdown$$0000000E) for __rt_lib_shutdown_user_alloc_1
    sys_command.o(.text) refers (Special) to use_no_semi.o(.text) for __I$use$semihosting
    sys_command.o(.text) refers (Special) to indicate_semi.o(.text) for __semihosting_library_function
    defsig_rtmem_outer.o(.text) refers to defsig_rtmem_inner.o(.text) for __rt_SIGRTMEM_inner
    defsig_rtmem_outer.o(.text) refers to defsig_exit.o(.text) for __sig_exit
    defsig_rtmem_formal.o(.text) refers to rt_raise.o(.text) for __rt_raise
    rt_raise.o(.text) refers to __raise.o(.text) for __raise
    rt_raise.o(.text) refers to sys_exit.o(.text) for _sys_exit
    defsig_exit.o(.text) refers to sys_exit.o(.text) for _sys_exit
    defsig_rtmem_inner.o(.text) refers to defsig_general.o(.text) for __default_signal_display
    __raise.o(.text) refers to defsig.o(CL$$defsig) for __default_signal_handler
    defsig_general.o(.text) refers to sys_wrch.o(.text) for _ttywrch
    sys_wrch.o(.text) refers (Special) to use_no_semi.o(.text) for __I$use$semihosting
    sys_wrch.o(.text) refers (Special) to indicate_semi.o(.text) for __semihosting_library_function
    defsig.o(CL$$defsig) refers to defsig_rtmem_inner.o(.text) for __rt_SIGRTMEM_inner
    defsig_abrt_inner.o(.text) refers to defsig_general.o(.text) for __default_signal_display
    defsig_fpe_inner.o(.text) refers to defsig_general.o(.text) for __default_signal_display
    defsig_rtred_inner.o(.text) refers to defsig_general.o(.text) for __default_signal_display
    defsig_stak_inner.o(.text) refers to defsig_general.o(.text) for __default_signal_display
    defsig_pvfn_inner.o(.text) refers to defsig_general.o(.text) for __default_signal_display
    defsig_cppl_inner.o(.text) refers to defsig_general.o(.text) for __default_signal_display
    defsig_segv_inner.o(.text) refers to defsig_general.o(.text) for __default_signal_display
    defsig_other.o(.text) refers to defsig_general.o(.text) for __default_signal_display


==============================================================================

Removing Unused input sections from the image.

    Removing sample.o(.rev16_text), (4 bytes).
    Removing sample.o(.revsh_text), (4 bytes).
    Removing sample.o(.rrx_text), (6 bytes).
    Removing core_cm3.o(.emb_text), (32 bytes).
    Removing system_lpc17xx.o(.rev16_text), (4 bytes).
    Removing system_lpc17xx.o(.revsh_text), (4 bytes).
    Removing system_lpc17xx.o(.rrx_text), (6 bytes).
    Removing irq_timer.o(.rev16_text), (4 bytes).
    Removing irq_timer.o(.revsh_text), (4 bytes).
    Removing irq_timer.o(.rrx_text), (6 bytes).
    Removing lib_timer.o(.rev16_text), (4 bytes).
    Removing lib_timer.o(.revsh_text), (4 bytes).
    Removing lib_timer.o(.rrx_text), (6 bytes).
    Removing glcd.o(.rev16_text), (4 bytes).
    Removing glcd.o(.revsh_text), (4 bytes).
    Removing glcd.o(.rrx_text), (6 bytes).
    Removing myfunctions.o(.rev16_text), (4 bytes).
    Removing myfunctions.o(.revsh_text), (4 bytes).
    Removing myfunctions.o(.rrx_text), (6 bytes).
    Removing lib_rit.o(.rev16_text), (4 bytes).
    Removing lib_rit.o(.revsh_text), (4 bytes).
    Removing lib_rit.o(.rrx_text), (6 bytes).
    Removing irq_rit.o(.rev16_text), (4 bytes).
    Removing irq_rit.o(.revsh_text), (4 bytes).
    Removing irq_rit.o(.rrx_text), (6 bytes).
    Removing funct_joystick.o(.rev16_text), (4 bytes).
    Removing funct_joystick.o(.revsh_text), (4 bytes).
    Removing funct_joystick.o(.rrx_text), (6 bytes).
    Removing lib_joystick.o(.rev16_text), (4 bytes).
    Removing lib_joystick.o(.revsh_text), (4 bytes).
    Removing lib_joystick.o(.rrx_text), (6 bytes).
    Removing reset.o(.rev16_text), (4 bytes).
    Removing reset.o(.revsh_text), (4 bytes).
    Removing reset.o(.rrx_text), (6 bytes).
    Removing touchpanel.o(.rev16_text), (4 bytes).
    Removing touchpanel.o(.revsh_text), (4 bytes).
    Removing touchpanel.o(.rrx_text), (6 bytes).
    Removing irq_adc.o(.rev16_text), (4 bytes).
    Removing irq_adc.o(.revsh_text), (4 bytes).
    Removing irq_adc.o(.rrx_text), (6 bytes).
    Removing lib_adc.o(.rev16_text), (4 bytes).
    Removing lib_adc.o(.revsh_text), (4 bytes).
    Removing lib_adc.o(.rrx_text), (6 bytes).
    Removing music.o(.rev16_text), (4 bytes).
    Removing music.o(.revsh_text), (4 bytes).
    Removing music.o(.rrx_text), (6 bytes).

46 unused section(s) (total 242 bytes) removed from the image.

==============================================================================

Image Symbol Table

    Local Symbols

    Symbol Name                              Value     Ov Type        Size  Object(Section)

    RESET                                    0x00000000   Section      204  startup_lpc17xx.o(RESET)
    ../clib/angel/boardlib.s                 0x00000000   Number         0  boardinit1.o ABSOLUTE
    ../clib/angel/boardlib.s                 0x00000000   Number         0  boardinit3.o ABSOLUTE
    ../clib/angel/boardlib.s                 0x00000000   Number         0  boardinit2.o ABSOLUTE
    ../clib/angel/boardlib.s                 0x00000000   Number         0  boardshut.o ABSOLUTE
    ../clib/angel/dczerorl2.s                0x00000000   Number         0  __dczerorl2.o ABSOLUTE
    ../clib/angel/handlers.s                 0x00000000   Number         0  __scatter_zi.o ABSOLUTE
    ../clib/angel/handlers.s                 0x00000000   Number         0  __scatter_copy.o ABSOLUTE
    ../clib/angel/kernel.s                   0x00000000   Number         0  rtexit2.o ABSOLUTE
    ../clib/angel/kernel.s                   0x00000000   Number         0  rtexit.o ABSOLUTE
    ../clib/angel/kernel.s                   0x00000000   Number         0  __rtentry4.o ABSOLUTE
    ../clib/angel/kernel.s                   0x00000000   Number         0  __rtentry2.o ABSOLUTE
    ../clib/angel/kernel.s                   0x00000000   Number         0  __rtentry.o ABSOLUTE
    ../clib/angel/rt.s                       0x00000000   Number         0  rt_raise.o ABSOLUTE
    ../clib/angel/scatter.s                  0x00000000   Number         0  __scatter.o ABSOLUTE
    ../clib/angel/startup.s                  0x00000000   Number         0  __main.o ABSOLUTE
    ../clib/angel/sys.s                      0x00000000   Number         0  sys_stackheap_outer.o ABSOLUTE
    ../clib/angel/sys.s                      0x00000000   Number         0  indicate_semi.o ABSOLUTE
    ../clib/angel/sys.s                      0x00000000   Number         0  use_no_semi.o ABSOLUTE
    ../clib/angel/sys.s                      0x00000000   Number         0  libspace.o ABSOLUTE
    ../clib/angel/sysapp.c                   0x00000000   Number         0  sys_command.o ABSOLUTE
    ../clib/angel/sysapp.c                   0x00000000   Number         0  sys_exit.o ABSOLUTE
    ../clib/angel/sysapp.c                   0x00000000   Number         0  sys_wrch.o ABSOLUTE
    ../clib/armsys.c                         0x00000000   Number         0  argv_veneer.o ABSOLUTE
    ../clib/armsys.c                         0x00000000   Number         0  no_argv.o ABSOLUTE
    ../clib/armsys.c                         0x00000000   Number         0  argv_veneer.o ABSOLUTE
    ../clib/armsys.c                         0x00000000   Number         0  _get_argv_nomalloc.o ABSOLUTE
    ../clib/heapalloc.c                      0x00000000   Number         0  hrguard.o ABSOLUTE
    ../clib/heapaux.c                        0x00000000   Number         0  heapauxi.o ABSOLUTE
    ../clib/libinit.s                        0x00000000   Number         0  libinit.o ABSOLUTE
    ../clib/libinit.s                        0x00000000   Number         0  libinit2.o ABSOLUTE
    ../clib/libinit.s                        0x00000000   Number         0  libshutdown2.o ABSOLUTE
    ../clib/libinit.s                        0x00000000   Number         0  libshutdown.o ABSOLUTE
    ../clib/memcpset.s                       0x00000000   Number         0  rt_memcpy_v6.o ABSOLUTE
    ../clib/memcpset.s                       0x00000000   Number         0  rt_memcpy_w.o ABSOLUTE
    ../clib/memcpset.s                       0x00000000   Number         0  rt_memclr_w.o ABSOLUTE
    ../clib/printf.c                         0x00000000   Number         0  __printf_flags.o ABSOLUTE
    ../clib/printf.c                         0x00000000   Number         0  __printf_nopercent.o ABSOLUTE
    ../clib/printf.c                         0x00000000   Number         0  _printf_dec.o ABSOLUTE
    ../clib/printf.c                         0x00000000   Number         0  __printf.o ABSOLUTE
    ../clib/printf.c                         0x00000000   Number         0  __printf_flags_ss_wp.o ABSOLUTE
    ../clib/printf.c                         0x00000000   Number         0  _sputc.o ABSOLUTE
    ../clib/printf.c                         0x00000000   Number         0  _printf_char_common.o ABSOLUTE
    ../clib/printf.c                         0x00000000   Number         0  noretval__2sprintf.o ABSOLUTE
    ../clib/printf.c                         0x00000000   Number         0  __printf_flags_wp.o ABSOLUTE
    ../clib/printf.c                         0x00000000   Number         0  __printf_ss_wp.o ABSOLUTE
    ../clib/printf.c                         0x00000000   Number         0  __printf_wp.o ABSOLUTE
    ../clib/printf.c                         0x00000000   Number         0  __2sprintf.o ABSOLUTE
    ../clib/printf.c                         0x00000000   Number         0  __printf_flags_ss.o ABSOLUTE
    ../clib/printf.c                         0x00000000   Number         0  __printf_ss.o ABSOLUTE
    ../clib/printf.c                         0x00000000   Number         0  _printf_intcommon.o ABSOLUTE
    ../clib/printf_percent.s                 0x00000000   Number         0  _printf_d.o ABSOLUTE
    ../clib/printf_percent.s                 0x00000000   Number         0  _printf_percent_end.o ABSOLUTE
    ../clib/printf_percent.s                 0x00000000   Number         0  _printf_percent.o ABSOLUTE
    ../clib/signal.c                         0x00000000   Number         0  __raise.o ABSOLUTE
    ../clib/signal.c                         0x00000000   Number         0  defsig_rtmem_outer.o ABSOLUTE
    ../clib/signal.c                         0x00000000   Number         0  defsig_fpe_inner.o ABSOLUTE
    ../clib/signal.c                         0x00000000   Number         0  defsig_exit.o ABSOLUTE
    ../clib/signal.c                         0x00000000   Number         0  defsig_rtmem_inner.o ABSOLUTE
    ../clib/signal.c                         0x00000000   Number         0  defsig_abrt_inner.o ABSOLUTE
    ../clib/signal.c                         0x00000000   Number         0  defsig_general.o ABSOLUTE
    ../clib/signal.c                         0x00000000   Number         0  defsig_rtred_inner.o ABSOLUTE
    ../clib/signal.c                         0x00000000   Number         0  defsig_stak_inner.o ABSOLUTE
    ../clib/signal.c                         0x00000000   Number         0  defsig_pvfn_inner.o ABSOLUTE
    ../clib/signal.c                         0x00000000   Number         0  defsig_cppl_inner.o ABSOLUTE
    ../clib/signal.c                         0x00000000   Number         0  defsig_segv_inner.o ABSOLUTE
    ../clib/signal.c                         0x00000000   Number         0  defsig_other.o ABSOLUTE
    ../clib/signal.c                         0x00000000   Number         0  defsig_rtmem_formal.o ABSOLUTE
    ../clib/signal.s                         0x00000000   Number         0  defsig.o ABSOLUTE
    ../clib/stdlib.c                         0x00000000   Number         0  exit.o ABSOLUTE
    ../fplib/daddsub.s                       0x00000000   Number         0  daddsub_clz.o ABSOLUTE
    ../fplib/dcmpi.s                         0x00000000   Number         0  dcmpi.o ABSOLUTE
    ../fplib/ddiv.s                          0x00000000   Number         0  ddiv.o ABSOLUTE
    ../fplib/deqf.s                          0x00000000   Number         0  deqf.o ABSOLUTE
    ../fplib/dfixu.s                         0x00000000   Number         0  dfixu.o ABSOLUTE
    ../fplib/dflt.s                          0x00000000   Number         0  dflt_clz.o ABSOLUTE
    ../fplib/dmul.s                          0x00000000   Number         0  dmul.o ABSOLUTE
    ../fplib/dnaninf.s                       0x00000000   Number         0  dnaninf.o ABSOLUTE
    ../fplib/dretinf.s                       0x00000000   Number         0  dretinf.o ABSOLUTE
    ../fplib/fpinit.s                        0x00000000   Number         0  fpinit.o ABSOLUTE
    ../fplib/usenofp.s                       0x00000000   Number         0  usenofp.o ABSOLUTE
    GLCD_advanced\AsciiLib.c                 0x00000000   Number         0  asciilib.o ABSOLUTE
    GLCD_advanced\GLCD.c                     0x00000000   Number         0  glcd.o ABSOLUTE
    GLCD_advanced\MyFunctions.c              0x00000000   Number         0  myfunctions.o ABSOLUTE
    GLCD_advanced\\GLCD.c                    0x00000000   Number         0  glcd.o ABSOLUTE
    GLCD_advanced\\MyFunctions.c             0x00000000   Number         0  myfunctions.o ABSOLUTE
    RIT\IRQ_RIT.c                            0x00000000   Number         0  irq_rit.o ABSOLUTE
    RIT\\IRQ_RIT.c                           0x00000000   Number         0  irq_rit.o ABSOLUTE
    RIT\\lib_RIT.c                           0x00000000   Number         0  lib_rit.o ABSOLUTE
    RIT\lib_RIT.c                            0x00000000   Number         0  lib_rit.o ABSOLUTE
    TouchPanel\TouchPanel.c                  0x00000000   Number         0  touchpanel.o ABSOLUTE
    TouchPanel\\TouchPanel.c                 0x00000000   Number         0  touchpanel.o ABSOLUTE
    adc\IRQ_adc.c                            0x00000000   Number         0  irq_adc.o ABSOLUTE
    adc\\IRQ_adc.c                           0x00000000   Number         0  irq_adc.o ABSOLUTE
    adc\\lib_adc.c                           0x00000000   Number         0  lib_adc.o ABSOLUTE
    adc\lib_adc.c                            0x00000000   Number         0  lib_adc.o ABSOLUTE
    core_cm3.c                               0x00000000   Number         0  core_cm3.o ABSOLUTE
    core_cm3.c                               0x00000000   Number         0  core_cm3.o ABSOLUTE
    dc.s                                     0x00000000   Number         0  dc.o ABSOLUTE
    joystick\\funct_joystick.c               0x00000000   Number         0  funct_joystick.o ABSOLUTE
    joystick\\lib_joystick.c                 0x00000000   Number         0  lib_joystick.o ABSOLUTE
    joystick\funct_joystick.c                0x00000000   Number         0  funct_joystick.o ABSOLUTE
    joystick\lib_joystick.c                  0x00000000   Number         0  lib_joystick.o ABSOLUTE
    music\\music.c                           0x00000000   Number         0  music.o ABSOLUTE
    music\music.c                            0x00000000   Number         0  music.o ABSOLUTE
    reset\\reset.c                           0x00000000   Number         0  reset.o ABSOLUTE
    reset\reset.c                            0x00000000   Number         0  reset.o ABSOLUTE
    sample.c                                 0x00000000   Number         0  sample.o ABSOLUTE
    sample.c                                 0x00000000   Number         0  sample.o ABSOLUTE
    startup_LPC17xx.s                        0x00000000   Number         0  startup_lpc17xx.o ABSOLUTE
    system_LPC17xx.c                         0x00000000   Number         0  system_lpc17xx.o ABSOLUTE
    system_LPC17xx.c                         0x00000000   Number         0  system_lpc17xx.o ABSOLUTE
    timer\IRQ_timer.c                        0x00000000   Number         0  irq_timer.o ABSOLUTE
    timer\\IRQ_timer.c                       0x00000000   Number         0  irq_timer.o ABSOLUTE
    timer\\lib_timer.c                       0x00000000   Number         0  lib_timer.o ABSOLUTE
    timer\lib_timer.c                        0x00000000   Number         0  lib_timer.o ABSOLUTE
    !!!main                                  0x000000cc   Section        8  __main.o(!!!main)
    !!!scatter                               0x000000d4   Section       52  __scatter.o(!!!scatter)
    !!dczerorl2                              0x00000108   Section       90  __dczerorl2.o(!!dczerorl2)
    !!handler_copy                           0x00000164   Section       26  __scatter_copy.o(!!handler_copy)
    !!handler_zi                             0x00000180   Section       28  __scatter_zi.o(!!handler_zi)
    .ARM.Collect$$_printf_percent$$00000000  0x0000019c   Section        0  _printf_percent.o(.ARM.Collect$$_printf_percent$$00000000)
    .ARM.Collect$$_printf_percent$$00000009  0x0000019c   Section        6  _printf_d.o(.ARM.Collect$$_printf_percent$$00000009)
    .ARM.Collect$$_printf_percent$$00000017  0x000001a2   Section        4  _printf_percent_end.o(.ARM.Collect$$_printf_percent$$00000017)
    .ARM.Collect$$libinit$$00000000          0x000001a6   Section        2  libinit.o(.ARM.Collect$$libinit$$00000000)
    .ARM.Collect$$libinit$$00000002          0x000001a8   Section        0  libinit2.o(.ARM.Collect$$libinit$$00000002)
    .ARM.Collect$$libinit$$00000004          0x000001a8   Section        0  libinit2.o(.ARM.Collect$$libinit$$00000004)
    .ARM.Collect$$libinit$$0000000A          0x000001a8   Section        0  libinit2.o(.ARM.Collect$$libinit$$0000000A)
    .ARM.Collect$$libinit$$0000000C          0x000001a8   Section        0  libinit2.o(.ARM.Collect$$libinit$$0000000C)
    .ARM.Collect$$libinit$$0000000E          0x000001a8   Section        0  libinit2.o(.ARM.Collect$$libinit$$0000000E)
    .ARM.Collect$$libinit$$00000011          0x000001a8   Section        0  libinit2.o(.ARM.Collect$$libinit$$00000011)
    .ARM.Collect$$libinit$$00000013          0x000001a8   Section        0  libinit2.o(.ARM.Collect$$libinit$$00000013)
    .ARM.Collect$$libinit$$00000015          0x000001a8   Section        0  libinit2.o(.ARM.Collect$$libinit$$00000015)
    .ARM.Collect$$libinit$$00000017          0x000001a8   Section        0  libinit2.o(.ARM.Collect$$libinit$$00000017)
    .ARM.Collect$$libinit$$00000019          0x000001a8   Section        0  libinit2.o(.ARM.Collect$$libinit$$00000019)
    .ARM.Collect$$libinit$$0000001B          0x000001a8   Section        0  libinit2.o(.ARM.Collect$$libinit$$0000001B)
    .ARM.Collect$$libinit$$0000001D          0x000001a8   Section        0  libinit2.o(.ARM.Collect$$libinit$$0000001D)
    .ARM.Collect$$libinit$$0000001F          0x000001a8   Section        0  libinit2.o(.ARM.Collect$$libinit$$0000001F)
    .ARM.Collect$$libinit$$00000021          0x000001a8   Section        0  libinit2.o(.ARM.Collect$$libinit$$00000021)
    .ARM.Collect$$libinit$$00000023          0x000001a8   Section        0  libinit2.o(.ARM.Collect$$libinit$$00000023)
    .ARM.Collect$$libinit$$00000025          0x000001a8   Section        0  libinit2.o(.ARM.Collect$$libinit$$00000025)
    .ARM.Collect$$libinit$$0000002C          0x000001a8   Section        0  libinit2.o(.ARM.Collect$$libinit$$0000002C)
    .ARM.Collect$$libinit$$0000002E          0x000001a8   Section        0  libinit2.o(.ARM.Collect$$libinit$$0000002E)
    .ARM.Collect$$libinit$$00000030          0x000001a8   Section        0  libinit2.o(.ARM.Collect$$libinit$$00000030)
    .ARM.Collect$$libinit$$00000032          0x000001a8   Section        0  libinit2.o(.ARM.Collect$$libinit$$00000032)
    .ARM.Collect$$libinit$$00000033          0x000001a8   Section        2  libinit2.o(.ARM.Collect$$libinit$$00000033)
    .ARM.Collect$$libshutdown$$00000000      0x000001aa   Section        2  libshutdown.o(.ARM.Collect$$libshutdown$$00000000)
    .ARM.Collect$$libshutdown$$00000002      0x000001ac   Section        0  libshutdown2.o(.ARM.Collect$$libshutdown$$00000002)
    .ARM.Collect$$libshutdown$$00000004      0x000001ac   Section        0  libshutdown2.o(.ARM.Collect$$libshutdown$$00000004)
    .ARM.Collect$$libshutdown$$00000006      0x000001ac   Section        0  libshutdown2.o(.ARM.Collect$$libshutdown$$00000006)
    .ARM.Collect$$libshutdown$$00000009      0x000001ac   Section        0  libshutdown2.o(.ARM.Collect$$libshutdown$$00000009)
    .ARM.Collect$$libshutdown$$0000000C      0x000001ac   Section        0  libshutdown2.o(.ARM.Collect$$libshutdown$$0000000C)
    .ARM.Collect$$libshutdown$$0000000E      0x000001ac   Section        0  libshutdown2.o(.ARM.Collect$$libshutdown$$0000000E)
    .ARM.Collect$$libshutdown$$00000011      0x000001ac   Section        0  libshutdown2.o(.ARM.Collect$$libshutdown$$00000011)
    .ARM.Collect$$libshutdown$$00000012      0x000001ac   Section        2  libshutdown2.o(.ARM.Collect$$libshutdown$$00000012)
    .ARM.Collect$$rtentry$$00000000          0x000001ae   Section        0  __rtentry.o(.ARM.Collect$$rtentry$$00000000)
    .ARM.Collect$$rtentry$$00000002          0x000001ae   Section        0  __rtentry2.o(.ARM.Collect$$rtentry$$00000002)
    .ARM.Collect$$rtentry$$00000004          0x000001ae   Section        6  __rtentry4.o(.ARM.Collect$$rtentry$$00000004)
    .ARM.Collect$$rtentry$$00000009          0x000001b4   Section        0  __rtentry2.o(.ARM.Collect$$rtentry$$00000009)
    .ARM.Collect$$rtentry$$0000000A          0x000001b4   Section        4  __rtentry2.o(.ARM.Collect$$rtentry$$0000000A)
    .ARM.Collect$$rtentry$$0000000C          0x000001b8   Section        0  __rtentry2.o(.ARM.Collect$$rtentry$$0000000C)
    .ARM.Collect$$rtentry$$0000000D          0x000001b8   Section        8  __rtentry2.o(.ARM.Collect$$rtentry$$0000000D)
    .ARM.Collect$$rtexit$$00000000           0x000001c0   Section        2  rtexit.o(.ARM.Collect$$rtexit$$00000000)
    .ARM.Collect$$rtexit$$00000002           0x000001c2   Section        0  rtexit2.o(.ARM.Collect$$rtexit$$00000002)
    .ARM.Collect$$rtexit$$00000003           0x000001c2   Section        4  rtexit2.o(.ARM.Collect$$rtexit$$00000003)
    .ARM.Collect$$rtexit$$00000004           0x000001c6   Section        6  rtexit2.o(.ARM.Collect$$rtexit$$00000004)
    .text                                    0x000001cc   Section       52  startup_lpc17xx.o(.text)
    .text                                    0x00000200   Section        0  sample.o(.text)
    .text                                    0x00000288   Section        0  asciilib.o(.text)
    .text                                    0x0000029c   Section        0  lib_joystick.o(.text)
    .text                                    0x000002bc   Section        0  reset.o(.text)
    .text                                    0x000002e2   Section        0  heapauxi.o(.text)
    .text                                    0x000002e8   Section        0  _sputc.o(.text)
    .text                                    0x000002f4   Section        8  libspace.o(.text)
    .ARM.__at_0x02FC                         0x000002fc   Section        4  startup_lpc17xx.o(.ARM.__at_0x02FC)
    .text                                    0x00000300   Section        0  system_lpc17xx.o(.text)
    .text                                    0x00000488   Section        0  irq_timer.o(.text)
    .text                                    0x00000a40   Section        0  lib_timer.o(.text)
    __NVIC_EnableIRQ                         0x00000b57   Thumb Code    26  lib_timer.o(.text)
    __NVIC_SetPriority                       0x00000b71   Thumb Code    32  lib_timer.o(.text)
    .text                                    0x00000b9c   Section        0  glcd.o(.text)
    LCD_Configuration                        0x00000b9d   Thumb Code    18  glcd.o(.text)
    wait_delay                               0x00000baf   Thumb Code     8  glcd.o(.text)
    LCD_SetCursor                            0x00000bb7   Thumb Code  1082  glcd.o(.text)
    delay_ms                                 0x00000ff1   Thumb Code    28  glcd.o(.text)
    LCD_BGR2RGB                              0x000040d1   Thumb Code    18  glcd.o(.text)
    .text                                    0x00004cbc   Section        0  myfunctions.o(.text)
    .text                                    0x00007a3c   Section        0  lib_rit.o(.text)
    .text                                    0x00007aa8   Section        0  irq_rit.o(.text)
    .text                                    0x00007cb4   Section        0  funct_joystick.o(.text)
    .text                                    0x00007fa0   Section        0  touchpanel.o(.text)
    ADS7843_SPI_Init                         0x00007fb1   Thumb Code    86  touchpanel.o(.text)
    DelayUS                                  0x0000801b   Thumb Code    20  touchpanel.o(.text)
    WR_CMD                                   0x0000802f   Thumb Code    28  touchpanel.o(.text)
    RD_AD                                    0x0000804b   Thumb Code    34  touchpanel.o(.text)
    .text                                    0x00008738   Section        0  irq_adc.o(.text)
    .text                                    0x00008858   Section        0  lib_adc.o(.text)
    .text                                    0x000088a0   Section        0  music.o(.text)
    .text                                    0x000088f4   Section        0  noretval__2sprintf.o(.text)
    .text                                    0x0000891c   Section        0  __printf.o(.text)
    .text                                    0x00008984   Section        0  _printf_dec.o(.text)
    .text                                    0x000089fc   Section      138  rt_memcpy_v6.o(.text)
    .text                                    0x00008a86   Section       78  rt_memclr_w.o(.text)
    .text                                    0x00008ad4   Section        0  _printf_intcommon.o(.text)
    .text                                    0x00008b88   Section        0  _printf_char_common.o(.text)
    _printf_input_char                       0x00008b89   Thumb Code    10  _printf_char_common.o(.text)
    .text                                    0x00008bb8   Section      100  rt_memcpy_w.o(.text)
    .text                                    0x00008c1c   Section       74  sys_stackheap_outer.o(.text)
    .text                                    0x00008c66   Section        0  exit.o(.text)
    .text                                    0x00008c78   Section        0  sys_exit.o(.text)
    .text                                    0x00008c84   Section        2  use_no_semi.o(.text)
    .text                                    0x00008c86   Section        0  indicate_semi.o(.text)
    x$fpl$dadd                               0x00008c88   Section      336  daddsub_clz.o(x$fpl$dadd)
    _dadd1                                   0x00008c99   Thumb Code     0  daddsub_clz.o(x$fpl$dadd)
    x$fpl$dcmpinf                            0x00008dd8   Section       24  dcmpi.o(x$fpl$dcmpinf)
    x$fpl$ddiv                               0x00008df0   Section      688  ddiv.o(x$fpl$ddiv)
    ddiv_entry                               0x00008df7   Thumb Code     0  ddiv.o(x$fpl$ddiv)
    x$fpl$deqf                               0x000090a0   Section      120  deqf.o(x$fpl$deqf)
    x$fpl$dfixu                              0x00009118   Section       90  dfixu.o(x$fpl$dfixu)
    x$fpl$dflt                               0x00009172   Section       46  dflt_clz.o(x$fpl$dflt)
    x$fpl$dfltu                              0x000091a0   Section       38  dflt_clz.o(x$fpl$dfltu)
    x$fpl$dmul                               0x000091c8   Section      340  dmul.o(x$fpl$dmul)
    x$fpl$dnaninf                            0x0000931c   Section      156  dnaninf.o(x$fpl$dnaninf)
    x$fpl$dretinf                            0x000093b8   Section       12  dretinf.o(x$fpl$dretinf)
    x$fpl$dsub                               0x000093c4   Section      468  daddsub_clz.o(x$fpl$dsub)
    _dsub1                                   0x000093d5   Thumb Code     0  daddsub_clz.o(x$fpl$dsub)
    .constdata                               0x00009598   Section     1520  asciilib.o(.constdata)
    x$fpl$usenofp                            0x00009598   Section        0  usenofp.o(x$fpl$usenofp)
    AsciiLib                                 0x00009598   Data        1520  asciilib.o(.constdata)
    .data                                    0x10000000   Section       16  touchpanel.o(.data)
    screen                                   0x10000000   Data           4  touchpanel.o(.data)
    .data                                    0x10000010   Section        4  touchpanel.o(.data)
    .data                                    0x10000014   Section       12  irq_adc.o(.data)
    STACK                                    0x10000020   Section      512  startup_lpc17xx.o(STACK)
    Stack_Mem                                0x10000020   Data         512  startup_lpc17xx.o(STACK)
    __initial_sp                             0x10000220   Data           0  startup_lpc17xx.o(STACK)
    .data                                    0x2007c000   Section        4  system_lpc17xx.o(.data)
    .data                                    0x2007c004   Section      158  irq_timer.o(.data)
    counter                                  0x2007c03c   Data           4  irq_timer.o(.data)
    sineticks                                0x2007c040   Data           4  irq_timer.o(.data)
    currentValue                             0x2007c044   Data           4  irq_timer.o(.data)
    .data                                    0x2007c0a2   Section        4  glcd.o(.data)
    LCD_Code                                 0x2007c0a2   Data           1  glcd.o(.data)
    back_color                               0x2007c0a4   Data           2  glcd.o(.data)
    .data                                    0x2007c0a8   Section      208  irq_rit.o(.data)
    left                                     0x2007c0b4   Data           4  irq_rit.o(.data)
    right                                    0x2007c0b8   Data           4  irq_rit.o(.data)
    down                                     0x2007c0bc   Data           4  irq_rit.o(.data)
    select                                   0x2007c0c0   Data           4  irq_rit.o(.data)
    petPressed                               0x2007c0c4   Data           4  irq_rit.o(.data)
    currentNote                              0x2007c0c8   Data           4  irq_rit.o(.data)
    ticks                                    0x2007c0cc   Data           4  irq_rit.o(.data)
    .data                                    0x2007c178   Section        4  funct_joystick.o(.data)
    .bss                                     0x2007c180   Section       68  touchpanel.o(.bss)
    .bss                                     0x2007c1c4   Section       96  libspace.o(.bss)
    HEAP                                     0x2007c228   Section        0  startup_lpc17xx.o(HEAP)
    Heap_Mem                                 0x2007c228   Data           0  startup_lpc17xx.o(HEAP)

    Global Symbols

    Symbol Name                              Value     Ov Type        Size  Object(Section)

    BuildAttributes$$THM_ISAv4$P$D$K$B$S$PE$A:L22UL41UL21$X:L11$S22US41US21$IEEE1$IW$USESV6$~STKCKD$USESV7$~SHL$OSPACE$ROPI$EBA8$UX$STANDARDLIB$REQ8$PRES8$EABIv2 0x00000000   Number         0  anon$$obj.o ABSOLUTE
    __ARM_use_no_argv                        0x00000000   Number         0  sample.o ABSOLUTE
    __Vectors                                0x00000000   Data           4  startup_lpc17xx.o(RESET)
    __ARM_exceptions_init                     - Undefined Weak Reference
    __alloca_initialize                       - Undefined Weak Reference
    __arm_fini_                               - Undefined Weak Reference
    __arm_preinit_                            - Undefined Weak Reference
    __cpp_initialize__aeabi_                  - Undefined Weak Reference
    __cxa_finalize                            - Undefined Weak Reference
    __rt_locale                               - Undefined Weak Reference
    __sigvec_lookup                           - Undefined Weak Reference
    _atexit_init                              - Undefined Weak Reference
    _call_atexit_fns                          - Undefined Weak Reference
    _clock_init                               - Undefined Weak Reference
    _fp_trap_init                             - Undefined Weak Reference
    _fp_trap_shutdown                         - Undefined Weak Reference
    _get_lc_collate                           - Undefined Weak Reference
    _get_lc_ctype                             - Undefined Weak Reference
    _get_lc_monetary                          - Undefined Weak Reference
    _get_lc_numeric                           - Undefined Weak Reference
    _get_lc_time                              - Undefined Weak Reference
    _getenv_init                              - Undefined Weak Reference
    _handle_redirection                       - Undefined Weak Reference
    _init_alloc                               - Undefined Weak Reference
    _init_user_alloc                          - Undefined Weak Reference
    _initio                                   - Undefined Weak Reference
    _printf_post_padding                      - Undefined Weak Reference
    _printf_pre_padding                       - Undefined Weak Reference
    _printf_truncate_signed                   - Undefined Weak Reference
    _printf_truncate_unsigned                 - Undefined Weak Reference
    _rand_init                                - Undefined Weak Reference
    _signal_finish                            - Undefined Weak Reference
    _signal_init                              - Undefined Weak Reference
    _terminate_alloc                          - Undefined Weak Reference
    _terminate_user_alloc                     - Undefined Weak Reference
    _terminateio                              - Undefined Weak Reference
    __main                                   0x000000cd   Thumb Code     8  __main.o(!!!main)
    __scatterload                            0x000000d5   Thumb Code     0  __scatter.o(!!!scatter)
    __scatterload_rt2                        0x000000d5   Thumb Code    44  __scatter.o(!!!scatter)
    __scatterload_rt2_thumb_only             0x000000d5   Thumb Code     0  __scatter.o(!!!scatter)
    __scatterload_null                       0x000000e3   Thumb Code     0  __scatter.o(!!!scatter)
    __decompress                             0x00000109   Thumb Code    90  __dczerorl2.o(!!dczerorl2)
    __decompress1                            0x00000109   Thumb Code     0  __dczerorl2.o(!!dczerorl2)
    __scatterload_copy                       0x00000165   Thumb Code    26  __scatter_copy.o(!!handler_copy)
    __scatterload_zeroinit                   0x00000181   Thumb Code    28  __scatter_zi.o(!!handler_zi)
    _printf_d                                0x0000019d   Thumb Code     0  _printf_d.o(.ARM.Collect$$_printf_percent$$00000009)
    _printf_percent                          0x0000019d   Thumb Code     0  _printf_percent.o(.ARM.Collect$$_printf_percent$$00000000)
    _printf_percent_end                      0x000001a3   Thumb Code     0  _printf_percent_end.o(.ARM.Collect$$_printf_percent$$00000017)
    __rt_lib_init                            0x000001a7   Thumb Code     0  libinit.o(.ARM.Collect$$libinit$$00000000)
    __rt_lib_init_alloca_1                   0x000001a9   Thumb Code     0  libinit2.o(.ARM.Collect$$libinit$$0000002E)
    __rt_lib_init_argv_1                     0x000001a9   Thumb Code     0  libinit2.o(.ARM.Collect$$libinit$$0000002C)
    __rt_lib_init_atexit_1                   0x000001a9   Thumb Code     0  libinit2.o(.ARM.Collect$$libinit$$0000001B)
    __rt_lib_init_clock_1                    0x000001a9   Thumb Code     0  libinit2.o(.ARM.Collect$$libinit$$00000021)
    __rt_lib_init_cpp_1                      0x000001a9   Thumb Code     0  libinit2.o(.ARM.Collect$$libinit$$00000032)
    __rt_lib_init_exceptions_1               0x000001a9   Thumb Code     0  libinit2.o(.ARM.Collect$$libinit$$00000030)
    __rt_lib_init_fp_1                       0x000001a9   Thumb Code     0  libinit2.o(.ARM.Collect$$libinit$$00000002)
    __rt_lib_init_fp_trap_1                  0x000001a9   Thumb Code     0  libinit2.o(.ARM.Collect$$libinit$$0000001F)
    __rt_lib_init_getenv_1                   0x000001a9   Thumb Code     0  libinit2.o(.ARM.Collect$$libinit$$00000023)
    __rt_lib_init_heap_1                     0x000001a9   Thumb Code     0  libinit2.o(.ARM.Collect$$libinit$$0000000A)
    __rt_lib_init_lc_collate_1               0x000001a9   Thumb Code     0  libinit2.o(.ARM.Collect$$libinit$$00000011)
    __rt_lib_init_lc_ctype_1                 0x000001a9   Thumb Code     0  libinit2.o(.ARM.Collect$$libinit$$00000013)
    __rt_lib_init_lc_monetary_1              0x000001a9   Thumb Code     0  libinit2.o(.ARM.Collect$$libinit$$00000015)
    __rt_lib_init_lc_numeric_1               0x000001a9   Thumb Code     0  libinit2.o(.ARM.Collect$$libinit$$00000017)
    __rt_lib_init_lc_time_1                  0x000001a9   Thumb Code     0  libinit2.o(.ARM.Collect$$libinit$$00000019)
    __rt_lib_init_preinit_1                  0x000001a9   Thumb Code     0  libinit2.o(.ARM.Collect$$libinit$$00000004)
    __rt_lib_init_rand_1                     0x000001a9   Thumb Code     0  libinit2.o(.ARM.Collect$$libinit$$0000000E)
    __rt_lib_init_return                     0x000001a9   Thumb Code     0  libinit2.o(.ARM.Collect$$libinit$$00000033)
    __rt_lib_init_signal_1                   0x000001a9   Thumb Code     0  libinit2.o(.ARM.Collect$$libinit$$0000001D)
    __rt_lib_init_stdio_1                    0x000001a9   Thumb Code     0  libinit2.o(.ARM.Collect$$libinit$$00000025)
    __rt_lib_init_user_alloc_1               0x000001a9   Thumb Code     0  libinit2.o(.ARM.Collect$$libinit$$0000000C)
    __rt_lib_shutdown                        0x000001ab   Thumb Code     0  libshutdown.o(.ARM.Collect$$libshutdown$$00000000)
    __rt_lib_shutdown_cpp_1                  0x000001ad   Thumb Code     0  libshutdown2.o(.ARM.Collect$$libshutdown$$00000004)
    __rt_lib_shutdown_fini_1                 0x000001ad   Thumb Code     0  libshutdown2.o(.ARM.Collect$$libshutdown$$00000002)
    __rt_lib_shutdown_fp_trap_1              0x000001ad   Thumb Code     0  libshutdown2.o(.ARM.Collect$$libshutdown$$00000009)
    __rt_lib_shutdown_heap_1                 0x000001ad   Thumb Code     0  libshutdown2.o(.ARM.Collect$$libshutdown$$00000011)
    __rt_lib_shutdown_return                 0x000001ad   Thumb Code     0  libshutdown2.o(.ARM.Collect$$libshutdown$$00000012)
    __rt_lib_shutdown_signal_1               0x000001ad   Thumb Code     0  libshutdown2.o(.ARM.Collect$$libshutdown$$0000000C)
    __rt_lib_shutdown_stdio_1                0x000001ad   Thumb Code     0  libshutdown2.o(.ARM.Collect$$libshutdown$$00000006)
    __rt_lib_shutdown_user_alloc_1           0x000001ad   Thumb Code     0  libshutdown2.o(.ARM.Collect$$libshutdown$$0000000E)
    __rt_entry                               0x000001af   Thumb Code     0  __rtentry.o(.ARM.Collect$$rtentry$$00000000)
    __rt_entry_presh_1                       0x000001af   Thumb Code     0  __rtentry2.o(.ARM.Collect$$rtentry$$00000002)
    __rt_entry_sh                            0x000001af   Thumb Code     0  __rtentry4.o(.ARM.Collect$$rtentry$$00000004)
    __rt_entry_li                            0x000001b5   Thumb Code     0  __rtentry2.o(.ARM.Collect$$rtentry$$0000000A)
    __rt_entry_postsh_1                      0x000001b5   Thumb Code     0  __rtentry2.o(.ARM.Collect$$rtentry$$00000009)
    __rt_entry_main                          0x000001b9   Thumb Code     0  __rtentry2.o(.ARM.Collect$$rtentry$$0000000D)
    __rt_entry_postli_1                      0x000001b9   Thumb Code     0  __rtentry2.o(.ARM.Collect$$rtentry$$0000000C)
    __rt_exit                                0x000001c1   Thumb Code     0  rtexit.o(.ARM.Collect$$rtexit$$00000000)
    __rt_exit_ls                             0x000001c3   Thumb Code     0  rtexit2.o(.ARM.Collect$$rtexit$$00000003)
    __rt_exit_prels_1                        0x000001c3   Thumb Code     0  rtexit2.o(.ARM.Collect$$rtexit$$00000002)
    __rt_exit_exit                           0x000001c7   Thumb Code     0  rtexit2.o(.ARM.Collect$$rtexit$$00000004)
    Reset_Handler                            0x000001cd   Thumb Code     4  startup_lpc17xx.o(.text)
    NMI_Handler                              0x000001d1   Thumb Code     2  startup_lpc17xx.o(.text)
    HardFault_Handler                        0x000001d3   Thumb Code     2  startup_lpc17xx.o(.text)
    MemManage_Handler                        0x000001d5   Thumb Code     2  startup_lpc17xx.o(.text)
    BusFault_Handler                         0x000001d7   Thumb Code     2  startup_lpc17xx.o(.text)
    UsageFault_Handler                       0x000001d9   Thumb Code     2  startup_lpc17xx.o(.text)
    SVC_Handler                              0x000001db   Thumb Code     2  startup_lpc17xx.o(.text)
    DebugMon_Handler                         0x000001dd   Thumb Code     2  startup_lpc17xx.o(.text)
    PendSV_Handler                           0x000001df   Thumb Code     2  startup_lpc17xx.o(.text)
    SysTick_Handler                          0x000001e1   Thumb Code     2  startup_lpc17xx.o(.text)
    BOD_IRQHandler                           0x000001e3   Thumb Code     0  startup_lpc17xx.o(.text)
    CANActivity_IRQHandler                   0x000001e3   Thumb Code     0  startup_lpc17xx.o(.text)
    CAN_IRQHandler                           0x000001e3   Thumb Code     0  startup_lpc17xx.o(.text)
    DMA_IRQHandler                           0x000001e3   Thumb Code     0  startup_lpc17xx.o(.text)
    EINT0_IRQHandler                         0x000001e3   Thumb Code     0  startup_lpc17xx.o(.text)
    EINT1_IRQHandler                         0x000001e3   Thumb Code     0  startup_lpc17xx.o(.text)
    EINT2_IRQHandler                         0x000001e3   Thumb Code     0  startup_lpc17xx.o(.text)
    EINT3_IRQHandler                         0x000001e3   Thumb Code     0  startup_lpc17xx.o(.text)
    ENET_IRQHandler                          0x000001e3   Thumb Code     0  startup_lpc17xx.o(.text)
    I2C0_IRQHandler                          0x000001e3   Thumb Code     0  startup_lpc17xx.o(.text)
    I2C1_IRQHandler                          0x000001e3   Thumb Code     0  startup_lpc17xx.o(.text)
    I2C2_IRQHandler                          0x000001e3   Thumb Code     0  startup_lpc17xx.o(.text)
    I2S_IRQHandler                           0x000001e3   Thumb Code     0  startup_lpc17xx.o(.text)
    MCPWM_IRQHandler                         0x000001e3   Thumb Code     0  startup_lpc17xx.o(.text)
    PLL0_IRQHandler                          0x000001e3   Thumb Code     0  startup_lpc17xx.o(.text)
    PLL1_IRQHandler                          0x000001e3   Thumb Code     0  startup_lpc17xx.o(.text)
    PWM1_IRQHandler                          0x000001e3   Thumb Code     0  startup_lpc17xx.o(.text)
    QEI_IRQHandler                           0x000001e3   Thumb Code     0  startup_lpc17xx.o(.text)
    RTC_IRQHandler                           0x000001e3   Thumb Code     0  startup_lpc17xx.o(.text)
    SPI_IRQHandler                           0x000001e3   Thumb Code     0  startup_lpc17xx.o(.text)
    SSP0_IRQHandler                          0x000001e3   Thumb Code     0  startup_lpc17xx.o(.text)
    SSP1_IRQHandler                          0x000001e3   Thumb Code     0  startup_lpc17xx.o(.text)
    UART0_IRQHandler                         0x000001e3   Thumb Code     0  startup_lpc17xx.o(.text)
    UART1_IRQHandler                         0x000001e3   Thumb Code     0  startup_lpc17xx.o(.text)
    UART2_IRQHandler                         0x000001e3   Thumb Code     0  startup_lpc17xx.o(.text)
    UART3_IRQHandler                         0x000001e3   Thumb Code     0  startup_lpc17xx.o(.text)
    USBActivity_IRQHandler                   0x000001e3   Thumb Code     0  startup_lpc17xx.o(.text)
    USB_IRQHandler                           0x000001e3   Thumb Code     0  startup_lpc17xx.o(.text)
    WDT_IRQHandler                           0x000001e3   Thumb Code     0  startup_lpc17xx.o(.text)
    __user_initial_stackheap                 0x000001e5   Thumb Code     0  startup_lpc17xx.o(.text)
    main                                     0x00000201   Thumb Code   112  sample.o(.text)
    GetASCIICode                             0x00000289   Thumb Code    14  asciilib.o(.text)
    joystick_init                            0x0000029d   Thumb Code    22  lib_joystick.o(.text)
    reset                                    0x000002bd   Thumb Code    38  reset.o(.text)
    __use_two_region_memory                  0x000002e3   Thumb Code     2  heapauxi.o(.text)
    __rt_heap_escrow$2region                 0x000002e5   Thumb Code     2  heapauxi.o(.text)
    __rt_heap_expand$2region                 0x000002e7   Thumb Code     2  heapauxi.o(.text)
    _sputc                                   0x000002e9   Thumb Code    10  _sputc.o(.text)
    __user_libspace                          0x000002f5   Thumb Code     8  libspace.o(.text)
    __user_perproc_libspace                  0x000002f5   Thumb Code     0  libspace.o(.text)
    __user_perthread_libspace                0x000002f5   Thumb Code     0  libspace.o(.text)
    SystemInit                               0x00000301   Thumb Code   360  system_lpc17xx.o(.text)
    death                                    0x00000489   Thumb Code    68  irq_timer.o(.text)
    TIMER0_IRQHandler                        0x000004cd   Thumb Code  1156  irq_timer.o(.text)
    TIMER1_IRQHandler                        0x00000951   Thumb Code   140  irq_timer.o(.text)
    TIMER2_IRQHandler                        0x000009dd   Thumb Code    50  irq_timer.o(.text)
    TIMER3_IRQHandler                        0x00000a0f   Thumb Code    16  irq_timer.o(.text)
    enable_timer                             0x00000a41   Thumb Code    44  lib_timer.o(.text)
    disable_timer                            0x00000a6d   Thumb Code    44  lib_timer.o(.text)
    reset_timer                              0x00000a99   Thumb Code    66  lib_timer.o(.text)
    init_timer                               0x00000adb   Thumb Code   124  lib_timer.o(.text)
    wait                                     0x0000100d   Thumb Code     4  glcd.o(.text)
    LCD_WritePixel                           0x00001011   Thumb Code    46  glcd.o(.text)
    LCD_WriteCommand                         0x0000103f   Thumb Code    56  glcd.o(.text)
    LCD_ClearWindow                          0x00001077   Thumb Code   446  glcd.o(.text)
    LCD_Clear                                0x00001235   Thumb Code   952  glcd.o(.text)
    LCD_SetBackground                        0x000015ed   Thumb Code     6  glcd.o(.text)
    LCD_Initialization                       0x000015f3   Thumb Code 10974  glcd.o(.text)
    LCD_GetPoint                             0x000040e3   Thumb Code   620  glcd.o(.text)
    LCD_SetPoint                             0x0000434f   Thumb Code   156  glcd.o(.text)
    LCD_DrawLine                             0x000043eb   Thumb Code   242  glcd.o(.text)
    PutChar                                  0x000044dd   Thumb Code    90  glcd.o(.text)
    PutCharHorizontal                        0x00004537   Thumb Code    88  glcd.o(.text)
    GUI_Text                                 0x0000458f   Thumb Code    70  glcd.o(.text)
    LCD_SetWindow                            0x000045d5   Thumb Code   694  glcd.o(.text)
    LCD_SetOrientation                       0x0000488b   Thumb Code   246  glcd.o(.text)
    pixel                                    0x00004981   Thumb Code   158  glcd.o(.text)
    LCD_DrawCircle                           0x00004a1f   Thumb Code    80  glcd.o(.text)
    LCD_DrawRectangle                        0x00004a6f   Thumb Code    58  glcd.o(.text)
    LCD_Darken                               0x00004aa9   Thumb Code   242  glcd.o(.text)
    LCD_GetPixel                             0x00004b9b   Thumb Code   150  glcd.o(.text)
    LCD_GetBackground                        0x00004c31   Thumb Code     6  glcd.o(.text)
    LCD_SetPixel                             0x00004c37   Thumb Code    46  glcd.o(.text)
    LCD_DrawEmptyRectangle                   0x00004c65   Thumb Code    78  glcd.o(.text)
    LCD_DrawDynamic1Tamagotchi               0x00004cbd   Thumb Code   468  myfunctions.o(.text)
    LCD_DrawMyTamagotchi                     0x00004e91   Thumb Code  2088  myfunctions.o(.text)
    LCD_ClearDynamic2Tamagotchi              0x000056b9   Thumb Code   106  myfunctions.o(.text)
    LCD_ClearDynamic1Tamagotchi              0x00005723   Thumb Code   406  myfunctions.o(.text)
    LCD_ClearMyTamagotchi                    0x000058b9   Thumb Code  2386  myfunctions.o(.text)
    LCD_DrawDynamic2Tamagotchi               0x0000620b   Thumb Code   198  myfunctions.o(.text)
    LCD_DrawButtons                          0x000062d1   Thumb Code   120  myfunctions.o(.text)
    LCD_DrawVol0                             0x00006349   Thumb Code   288  myfunctions.o(.text)
    LCD_DrawSpeaker                          0x00006469   Thumb Code   444  myfunctions.o(.text)
    LCD_DrawHeader                           0x00006625   Thumb Code   152  myfunctions.o(.text)
    LCD_DrawStatus                           0x000066bd   Thumb Code    74  myfunctions.o(.text)
    LCD_DrawMeal                             0x00006707   Thumb Code   740  myfunctions.o(.text)
    LCD_DrawSnack                            0x000069eb   Thumb Code   572  myfunctions.o(.text)
    LCD_DrawEating                           0x00006c27   Thumb Code   636  myfunctions.o(.text)
    LCD_ClearEating                          0x00006ea3   Thumb Code   216  myfunctions.o(.text)
    LCD_DrawGnam                             0x00006f7b   Thumb Code    64  myfunctions.o(.text)
    LCD_DrawByeByeIcon                       0x00006fbb   Thumb Code    72  myfunctions.o(.text)
    LCD_DrawFinalIcon                        0x00007003   Thumb Code   334  myfunctions.o(.text)
    LCD_DrawCuddling                         0x00007151   Thumb Code   492  myfunctions.o(.text)
    LCD_DrawHeart                            0x0000733d   Thumb Code   584  myfunctions.o(.text)
    LCD_ClearCuddling                        0x00007585   Thumb Code   876  myfunctions.o(.text)
    LCD_DrawVol3                             0x000078f1   Thumb Code   156  myfunctions.o(.text)
    LCD_DrawVol2                             0x0000798d   Thumb Code   128  myfunctions.o(.text)
    LCD_DrawVol1                             0x00007a0d   Thumb Code    48  myfunctions.o(.text)
    enable_RIT                               0x00007a3d   Thumb Code    12  lib_rit.o(.text)
    disable_RIT                              0x00007a49   Thumb Code    12  lib_rit.o(.text)
    reset_RIT                                0x00007a55   Thumb Code     8  lib_rit.o(.text)
    init_RIT                                 0x00007a5d   Thumb Code    64  lib_rit.o(.text)
    RIT_IRQHandler                           0x00007aa9   Thumb Code   478  irq_rit.o(.text)
    joystick_Left                            0x00007cb5   Thumb Code   126  funct_joystick.o(.text)
    joystick_Right                           0x00007d33   Thumb Code   124  funct_joystick.o(.text)
    joystick_Down                            0x00007daf   Thumb Code   108  funct_joystick.o(.text)
    joystick_Select                          0x00007e1b   Thumb Code   344  funct_joystick.o(.text)
    LPC17xx_SPI_SetSpeed                     0x00007fa1   Thumb Code    16  touchpanel.o(.text)
    TP_Init                                  0x00008007   Thumb Code    20  touchpanel.o(.text)
    Read_X                                   0x0000806d   Thumb Code    34  touchpanel.o(.text)
    Read_Y                                   0x0000808f   Thumb Code    34  touchpanel.o(.text)
    TP_GetAdXY                               0x000080b1   Thumb Code    28  touchpanel.o(.text)
    TP_DrawPoint                             0x000080cd   Thumb Code     8  touchpanel.o(.text)
    DrawCross                                0x000080d5   Thumb Code   266  touchpanel.o(.text)
    DeleteCross                              0x000081df   Thumb Code   268  touchpanel.o(.text)
    Read_Ads7846                             0x000082eb   Thumb Code   436  touchpanel.o(.text)
    setCalibrationMatrix                     0x0000849f   Thumb Code   334  touchpanel.o(.text)
    getDisplayPoint                          0x000085ed   Thumb Code   176  touchpanel.o(.text)
    TouchPanel_Calibrate                     0x0000869d   Thumb Code   112  touchpanel.o(.text)
    ADC_IRQHandler                           0x00008739   Thumb Code   278  irq_adc.o(.text)
    ADC_init                                 0x00008859   Thumb Code    42  lib_adc.o(.text)
    ADC_start_conversion                     0x00008883   Thumb Code    12  lib_adc.o(.text)
    playNote                                 0x000088a1   Thumb Code    54  music.o(.text)
    isNotePlaying                            0x000088d7   Thumb Code    20  music.o(.text)
    __2sprintf                               0x000088f5   Thumb Code    34  noretval__2sprintf.o(.text)
    __printf                                 0x0000891d   Thumb Code   104  __printf.o(.text)
    _printf_int_dec                          0x00008985   Thumb Code   104  _printf_dec.o(.text)
    __aeabi_memcpy                           0x000089fd   Thumb Code     0  rt_memcpy_v6.o(.text)
    __rt_memcpy                              0x000089fd   Thumb Code   138  rt_memcpy_v6.o(.text)
    _memcpy_lastbytes                        0x00008a63   Thumb Code     0  rt_memcpy_v6.o(.text)
    __aeabi_memclr4                          0x00008a87   Thumb Code     0  rt_memclr_w.o(.text)
    __aeabi_memclr8                          0x00008a87   Thumb Code     0  rt_memclr_w.o(.text)
    __rt_memclr_w                            0x00008a87   Thumb Code    78  rt_memclr_w.o(.text)
    _memset_w                                0x00008a8b   Thumb Code     0  rt_memclr_w.o(.text)
    _printf_int_common                       0x00008ad5   Thumb Code   178  _printf_intcommon.o(.text)
    _printf_char_common                      0x00008b93   Thumb Code    32  _printf_char_common.o(.text)
    __aeabi_memcpy4                          0x00008bb9   Thumb Code     0  rt_memcpy_w.o(.text)
    __aeabi_memcpy8                          0x00008bb9   Thumb Code     0  rt_memcpy_w.o(.text)
    __rt_memcpy_w                            0x00008bb9   Thumb Code   100  rt_memcpy_w.o(.text)
    _memcpy_lastbytes_aligned                0x00008c01   Thumb Code     0  rt_memcpy_w.o(.text)
    __user_setup_stackheap                   0x00008c1d   Thumb Code    74  sys_stackheap_outer.o(.text)
    exit                                     0x00008c67   Thumb Code    18  exit.o(.text)
    _sys_exit                                0x00008c79   Thumb Code     8  sys_exit.o(.text)
    __I$use$semihosting                      0x00008c85   Thumb Code     0  use_no_semi.o(.text)
    __use_no_semihosting_swi                 0x00008c85   Thumb Code     2  use_no_semi.o(.text)
    __semihosting_library_function           0x00008c87   Thumb Code     0  indicate_semi.o(.text)
    __aeabi_dadd                             0x00008c89   Thumb Code     0  daddsub_clz.o(x$fpl$dadd)
    _dadd                                    0x00008c89   Thumb Code   332  daddsub_clz.o(x$fpl$dadd)
    __fpl_dcmp_Inf                           0x00008dd9   Thumb Code    24  dcmpi.o(x$fpl$dcmpinf)
    __aeabi_ddiv                             0x00008df1   Thumb Code     0  ddiv.o(x$fpl$ddiv)
    _ddiv                                    0x00008df1   Thumb Code   552  ddiv.o(x$fpl$ddiv)
    __aeabi_cdcmpeq                          0x000090a1   Thumb Code     0  deqf.o(x$fpl$deqf)
    _dcmpeq                                  0x000090a1   Thumb Code   120  deqf.o(x$fpl$deqf)
    __aeabi_d2uiz                            0x00009119   Thumb Code     0  dfixu.o(x$fpl$dfixu)
    _dfixu                                   0x00009119   Thumb Code    90  dfixu.o(x$fpl$dfixu)
    __aeabi_i2d                              0x00009173   Thumb Code     0  dflt_clz.o(x$fpl$dflt)
    _dflt                                    0x00009173   Thumb Code    46  dflt_clz.o(x$fpl$dflt)
    __aeabi_ui2d                             0x000091a1   Thumb Code     0  dflt_clz.o(x$fpl$dfltu)
    _dfltu                                   0x000091a1   Thumb Code    38  dflt_clz.o(x$fpl$dfltu)
    __aeabi_dmul                             0x000091c9   Thumb Code     0  dmul.o(x$fpl$dmul)
    _dmul                                    0x000091c9   Thumb Code   332  dmul.o(x$fpl$dmul)
    __fpl_dnaninf                            0x0000931d   Thumb Code   156  dnaninf.o(x$fpl$dnaninf)
    __fpl_dretinf                            0x000093b9   Thumb Code    12  dretinf.o(x$fpl$dretinf)
    __aeabi_dsub                             0x000093c5   Thumb Code     0  daddsub_clz.o(x$fpl$dsub)
    _dsub                                    0x000093c5   Thumb Code   464  daddsub_clz.o(x$fpl$dsub)
    __I$use$fp                               0x00009598   Number         0  usenofp.o(x$fpl$usenofp)
    Region$$Table$$Base                      0x00009b88   Number         0  anon$$obj.o(Region$$Table)
    Region$$Table$$Limit                     0x00009bc8   Number         0  anon$$obj.o(Region$$Table)
    DisplaySample                            0x10000004   Data          12  touchpanel.o(.data)
    display                                  0x10000010   Data           4  touchpanel.o(.data)
    AD_last                                  0x10000014   Data           2  irq_adc.o(.data)
    AD_current                               0x10000016   Data           2  irq_adc.o(.data)
    CurrentVolume                            0x10000018   Data           4  irq_adc.o(.data)
    LastVolume                               0x1000001c   Data           4  irq_adc.o(.data)
    SystemFrequency                          0x2007c000   Data           4  system_lpc17xx.o(.data)
    flag                                     0x2007c004   Data           4  irq_timer.o(.data)
    HappinessLevel                           0x2007c008   Data           4  irq_timer.o(.data)
    SatietyLevel                             0x2007c00c   Data           4  irq_timer.o(.data)
    stop                                     0x2007c010   Data           4  irq_timer.o(.data)
    secs                                     0x2007c014   Data           4  irq_timer.o(.data)
    IsEating                                 0x2007c018   Data           4  irq_timer.o(.data)
    IsPressed                                0x2007c01c   Data           4  irq_timer.o(.data)
    HappinessCounter                         0x2007c020   Data           4  irq_timer.o(.data)
    SatietyCounter                           0x2007c024   Data           4  irq_timer.o(.data)
    counterEating                            0x2007c028   Data           4  irq_timer.o(.data)
    counterPressed                           0x2007c02c   Data           4  irq_timer.o(.data)
    counterStop                              0x2007c030   Data           4  irq_timer.o(.data)
    ActuallyEat                              0x2007c034   Data           4  irq_timer.o(.data)
    resetReady                               0x2007c038   Data           4  irq_timer.o(.data)
    SinTable                                 0x2007c048   Data          90  irq_timer.o(.data)
    choice                                   0x2007c0a8   Data           4  irq_rit.o(.data)
    deathSoundFinish                         0x2007c0ac   Data           4  irq_rit.o(.data)
    cuddleSoundFinish                        0x2007c0b0   Data           4  irq_rit.o(.data)
    clickSound                               0x2007c0d0   Data          24  irq_rit.o(.data)
    eatingSound                              0x2007c0e8   Data          24  irq_rit.o(.data)
    cuddleSound                              0x2007c100   Data          24  irq_rit.o(.data)
    deathSound                               0x2007c118   Data          96  irq_rit.o(.data)
    clickFlag                                0x2007c178   Data           4  funct_joystick.o(.data)
    matrix                                   0x2007c180   Data          56  touchpanel.o(.bss)
    ScreenSample                             0x2007c1b8   Data          12  touchpanel.o(.bss)
    __libspace_start                         0x2007c1c4   Data          96  libspace.o(.bss)
    __temporary_stack_top$libspace           0x2007c224   Data           0  libspace.o(.bss)



==============================================================================

Memory Map of the image

  Image Entry point : 0x000000cd

  Load Region LR_IROM1 (Base: 0x00000000, Size: 0x00009d64, Max: 0x00080000, ABSOLUTE, COMPRESSED[0x00009cac])

    Execution Region ER_IROM1 (Exec base: 0x00000000, Load base: 0x00000000, Size: 0x00009bc8, Max: 0x00080000, ABSOLUTE)

    Exec Addr    Load Addr    Size         Type   Attr      Idx    E Section Name        Object

    0x00000000   0x00000000   0x000000cc   Data   RO            3    RESET               startup_lpc17xx.o
    0x000000cc   0x000000cc   0x00000008   Code   RO          624  * !!!main             c_w.l(__main.o)
    0x000000d4   0x000000d4   0x00000034   Code   RO          827    !!!scatter          c_w.l(__scatter.o)
    0x00000108   0x00000108   0x0000005a   Code   RO          825    !!dczerorl2         c_w.l(__dczerorl2.o)
    0x00000162   0x00000162   0x00000002   PAD
    0x00000164   0x00000164   0x0000001a   Code   RO          829    !!handler_copy      c_w.l(__scatter_copy.o)
    0x0000017e   0x0000017e   0x00000002   PAD
    0x00000180   0x00000180   0x0000001c   Code   RO          831    !!handler_zi        c_w.l(__scatter_zi.o)
    0x0000019c   0x0000019c   0x00000000   Code   RO          617    .ARM.Collect$$_printf_percent$$00000000  c_w.l(_printf_percent.o)
    0x0000019c   0x0000019c   0x00000006   Code   RO          616    .ARM.Collect$$_printf_percent$$00000009  c_w.l(_printf_d.o)
    0x000001a2   0x000001a2   0x00000004   Code   RO          657    .ARM.Collect$$_printf_percent$$00000017  c_w.l(_printf_percent_end.o)
    0x000001a6   0x000001a6   0x00000002   Code   RO          693    .ARM.Collect$$libinit$$00000000  c_w.l(libinit.o)
    0x000001a8   0x000001a8   0x00000000   Code   RO          700    .ARM.Collect$$libinit$$00000002  c_w.l(libinit2.o)
    0x000001a8   0x000001a8   0x00000000   Code   RO          702    .ARM.Collect$$libinit$$00000004  c_w.l(libinit2.o)
    0x000001a8   0x000001a8   0x00000000   Code   RO          705    .ARM.Collect$$libinit$$0000000A  c_w.l(libinit2.o)
    0x000001a8   0x000001a8   0x00000000   Code   RO          707    .ARM.Collect$$libinit$$0000000C  c_w.l(libinit2.o)
    0x000001a8   0x000001a8   0x00000000   Code   RO          709    .ARM.Collect$$libinit$$0000000E  c_w.l(libinit2.o)
    0x000001a8   0x000001a8   0x00000000   Code   RO          712    .ARM.Collect$$libinit$$00000011  c_w.l(libinit2.o)
    0x000001a8   0x000001a8   0x00000000   Code   RO          714    .ARM.Collect$$libinit$$00000013  c_w.l(libinit2.o)
    0x000001a8   0x000001a8   0x00000000   Code   RO          716    .ARM.Collect$$libinit$$00000015  c_w.l(libinit2.o)
    0x000001a8   0x000001a8   0x00000000   Code   RO          718    .ARM.Collect$$libinit$$00000017  c_w.l(libinit2.o)
    0x000001a8   0x000001a8   0x00000000   Code   RO          720    .ARM.Collect$$libinit$$00000019  c_w.l(libinit2.o)
    0x000001a8   0x000001a8   0x00000000   Code   RO          722    .ARM.Collect$$libinit$$0000001B  c_w.l(libinit2.o)
    0x000001a8   0x000001a8   0x00000000   Code   RO          724    .ARM.Collect$$libinit$$0000001D  c_w.l(libinit2.o)
    0x000001a8   0x000001a8   0x00000000   Code   RO          726    .ARM.Collect$$libinit$$0000001F  c_w.l(libinit2.o)
    0x000001a8   0x000001a8   0x00000000   Code   RO          728    .ARM.Collect$$libinit$$00000021  c_w.l(libinit2.o)
    0x000001a8   0x000001a8   0x00000000   Code   RO          730    .ARM.Collect$$libinit$$00000023  c_w.l(libinit2.o)
    0x000001a8   0x000001a8   0x00000000   Code   RO          732    .ARM.Collect$$libinit$$00000025  c_w.l(libinit2.o)
    0x000001a8   0x000001a8   0x00000000   Code   RO          736    .ARM.Collect$$libinit$$0000002C  c_w.l(libinit2.o)
    0x000001a8   0x000001a8   0x00000000   Code   RO          738    .ARM.Collect$$libinit$$0000002E  c_w.l(libinit2.o)
    0x000001a8   0x000001a8   0x00000000   Code   RO          740    .ARM.Collect$$libinit$$00000030  c_w.l(libinit2.o)
    0x000001a8   0x000001a8   0x00000000   Code   RO          742    .ARM.Collect$$libinit$$00000032  c_w.l(libinit2.o)
    0x000001a8   0x000001a8   0x00000002   Code   RO          743    .ARM.Collect$$libinit$$00000033  c_w.l(libinit2.o)
    0x000001aa   0x000001aa   0x00000002   Code   RO          763    .ARM.Collect$$libshutdown$$00000000  c_w.l(libshutdown.o)
    0x000001ac   0x000001ac   0x00000000   Code   RO          776    .ARM.Collect$$libshutdown$$00000002  c_w.l(libshutdown2.o)
    0x000001ac   0x000001ac   0x00000000   Code   RO          778    .ARM.Collect$$libshutdown$$00000004  c_w.l(libshutdown2.o)
    0x000001ac   0x000001ac   0x00000000   Code   RO          780    .ARM.Collect$$libshutdown$$00000006  c_w.l(libshutdown2.o)
    0x000001ac   0x000001ac   0x00000000   Code   RO          783    .ARM.Collect$$libshutdown$$00000009  c_w.l(libshutdown2.o)
    0x000001ac   0x000001ac   0x00000000   Code   RO          786    .ARM.Collect$$libshutdown$$0000000C  c_w.l(libshutdown2.o)
    0x000001ac   0x000001ac   0x00000000   Code   RO          788    .ARM.Collect$$libshutdown$$0000000E  c_w.l(libshutdown2.o)
    0x000001ac   0x000001ac   0x00000000   Code   RO          791    .ARM.Collect$$libshutdown$$00000011  c_w.l(libshutdown2.o)
    0x000001ac   0x000001ac   0x00000002   Code   RO          792    .ARM.Collect$$libshutdown$$00000012  c_w.l(libshutdown2.o)
    0x000001ae   0x000001ae   0x00000000   Code   RO          650    .ARM.Collect$$rtentry$$00000000  c_w.l(__rtentry.o)
    0x000001ae   0x000001ae   0x00000000   Code   RO          668    .ARM.Collect$$rtentry$$00000002  c_w.l(__rtentry2.o)
    0x000001ae   0x000001ae   0x00000006   Code   RO          680    .ARM.Collect$$rtentry$$00000004  c_w.l(__rtentry4.o)
    0x000001b4   0x000001b4   0x00000000   Code   RO          670    .ARM.Collect$$rtentry$$00000009  c_w.l(__rtentry2.o)
    0x000001b4   0x000001b4   0x00000004   Code   RO          671    .ARM.Collect$$rtentry$$0000000A  c_w.l(__rtentry2.o)
    0x000001b8   0x000001b8   0x00000000   Code   RO          673    .ARM.Collect$$rtentry$$0000000C  c_w.l(__rtentry2.o)
    0x000001b8   0x000001b8   0x00000008   Code   RO          674    .ARM.Collect$$rtentry$$0000000D  c_w.l(__rtentry2.o)
    0x000001c0   0x000001c0   0x00000002   Code   RO          697    .ARM.Collect$$rtexit$$00000000  c_w.l(rtexit.o)
    0x000001c2   0x000001c2   0x00000000   Code   RO          745    .ARM.Collect$$rtexit$$00000002  c_w.l(rtexit2.o)
    0x000001c2   0x000001c2   0x00000004   Code   RO          746    .ARM.Collect$$rtexit$$00000003  c_w.l(rtexit2.o)
    0x000001c6   0x000001c6   0x00000006   Code   RO          747    .ARM.Collect$$rtexit$$00000004  c_w.l(rtexit2.o)
    0x000001cc   0x000001cc   0x00000034   Code   RO            5    .text               startup_lpc17xx.o
    0x00000200   0x00000200   0x00000088   Code   RO           16    .text               sample.o
    0x00000288   0x00000288   0x00000014   Code   RO          209    .text               asciilib.o
    0x0000029c   0x0000029c   0x00000020   Code   RO          400    .text               lib_joystick.o
    0x000002bc   0x000002bc   0x00000026   Code   RO          424    .text               reset.o
    0x000002e2   0x000002e2   0x00000006   Code   RO          622    .text               c_w.l(heapauxi.o)
    0x000002e8   0x000002e8   0x0000000a   Code   RO          655    .text               c_w.l(_sputc.o)
    0x000002f2   0x000002f2   0x00000002   PAD
    0x000002f4   0x000002f4   0x00000008   Code   RO          694    .text               c_w.l(libspace.o)
    0x000002fc   0x000002fc   0x00000004   Code   RO            4    .ARM.__at_0x02FC    startup_lpc17xx.o
    0x00000300   0x00000300   0x00000188   Code   RO          103    .text               system_lpc17xx.o
    0x00000488   0x00000488   0x000005b8   Code   RO          130    .text               irq_timer.o
    0x00000a40   0x00000a40   0x0000015c   Code   RO          184    .text               lib_timer.o
    0x00000b9c   0x00000b9c   0x00004120   Code   RO          229    .text               glcd.o
    0x00004cbc   0x00004cbc   0x00002d80   Code   RO          258    .text               myfunctions.o
    0x00007a3c   0x00007a3c   0x0000006c   Code   RO          286    .text               lib_rit.o
    0x00007aa8   0x00007aa8   0x0000020c   Code   RO          313    .text               irq_rit.o
    0x00007cb4   0x00007cb4   0x000002ec   Code   RO          357    .text               funct_joystick.o
    0x00007fa0   0x00007fa0   0x00000798   Code   RO          460    .text               touchpanel.o
    0x00008738   0x00008738   0x00000120   Code   RO          495    .text               irq_adc.o
    0x00008858   0x00008858   0x00000048   Code   RO          531    .text               lib_adc.o
    0x000088a0   0x000088a0   0x00000054   Code   RO          559    .text               music.o
    0x000088f4   0x000088f4   0x00000028   Code   RO          590    .text               c_w.l(noretval__2sprintf.o)
    0x0000891c   0x0000891c   0x00000068   Code   RO          592    .text               c_w.l(__printf.o)
    0x00008984   0x00008984   0x00000078   Code   RO          594    .text               c_w.l(_printf_dec.o)
    0x000089fc   0x000089fc   0x0000008a   Code   RO          618    .text               c_w.l(rt_memcpy_v6.o)
    0x00008a86   0x00008a86   0x0000004e   Code   RO          620    .text               c_w.l(rt_memclr_w.o)
    0x00008ad4   0x00008ad4   0x000000b2   Code   RO          651    .text               c_w.l(_printf_intcommon.o)
    0x00008b86   0x00008b86   0x00000002   PAD
    0x00008b88   0x00008b88   0x00000030   Code   RO          653    .text               c_w.l(_printf_char_common.o)
    0x00008bb8   0x00008bb8   0x00000064   Code   RO          658    .text               c_w.l(rt_memcpy_w.o)
    0x00008c1c   0x00008c1c   0x0000004a   Code   RO          684    .text               c_w.l(sys_stackheap_outer.o)
    0x00008c66   0x00008c66   0x00000012   Code   RO          686    .text               c_w.l(exit.o)
    0x00008c78   0x00008c78   0x0000000c   Code   RO          755    .text               c_w.l(sys_exit.o)
    0x00008c84   0x00008c84   0x00000002   Code   RO          766    .text               c_w.l(use_no_semi.o)
    0x00008c86   0x00008c86   0x00000000   Code   RO          768    .text               c_w.l(indicate_semi.o)
    0x00008c86   0x00008c86   0x00000002   PAD
    0x00008c88   0x00008c88   0x00000150   Code   RO          626    x$fpl$dadd          fz_ws.l(daddsub_clz.o)
    0x00008dd8   0x00008dd8   0x00000018   Code   RO          660    x$fpl$dcmpinf       fz_ws.l(dcmpi.o)
    0x00008df0   0x00008df0   0x000002b0   Code   RO          633    x$fpl$ddiv          fz_ws.l(ddiv.o)
    0x000090a0   0x000090a0   0x00000078   Code   RO          636    x$fpl$deqf          fz_ws.l(deqf.o)
    0x00009118   0x00009118   0x0000005a   Code   RO          638    x$fpl$dfixu         fz_ws.l(dfixu.o)
    0x00009172   0x00009172   0x0000002e   Code   RO          643    x$fpl$dflt          fz_ws.l(dflt_clz.o)
    0x000091a0   0x000091a0   0x00000026   Code   RO          642    x$fpl$dfltu         fz_ws.l(dflt_clz.o)
    0x000091c6   0x000091c6   0x00000002   PAD
    0x000091c8   0x000091c8   0x00000154   Code   RO          648    x$fpl$dmul          fz_ws.l(dmul.o)
    0x0000931c   0x0000931c   0x0000009c   Code   RO          662    x$fpl$dnaninf       fz_ws.l(dnaninf.o)
    0x000093b8   0x000093b8   0x0000000c   Code   RO          664    x$fpl$dretinf       fz_ws.l(dretinf.o)
    0x000093c4   0x000093c4   0x000001d4   Code   RO          628    x$fpl$dsub          fz_ws.l(daddsub_clz.o)
    0x00009598   0x00009598   0x00000000   Code   RO          666    x$fpl$usenofp       fz_ws.l(usenofp.o)
    0x00009598   0x00009598   0x000005f0   Data   RO          210    .constdata          asciilib.o
    0x00009b88   0x00009b88   0x00000040   Data   RO          823    Region$$Table       anon$$obj.o


    Execution Region RW_IRAM1 (Exec base: 0x10000000, Load base: 0x00009bc8, Size: 0x00000220, Max: 0x00008000, ABSOLUTE)

    Exec Addr    Load Addr    Size         Type   Attr      Idx    E Section Name        Object

    0x10000000   0x00009bc8   0x00000010   Data   RW          462    .data               touchpanel.o
    0x10000010   0x00009bd8   0x00000004   Data   RW          463    .data               touchpanel.o
    0x10000014   0x00009bdc   0x0000000c   Data   RW          496    .data               irq_adc.o
    0x10000020        -       0x00000200   Zero   RW            1    STACK               startup_lpc17xx.o


    Execution Region RW_IRAM2 (Exec base: 0x2007c000, Load base: 0x00009be8, Size: 0x00000228, Max: 0x00008000, ABSOLUTE, COMPRESSED[0x000000c4])

    Exec Addr    Load Addr    Size         Type   Attr      Idx    E Section Name        Object

    0x2007c000   COMPRESSED   0x00000004   Data   RW          104    .data               system_lpc17xx.o
    0x2007c004   COMPRESSED   0x0000009e   Data   RW          131    .data               irq_timer.o
    0x2007c0a2   COMPRESSED   0x00000004   Data   RW          230    .data               glcd.o
    0x2007c0a6   COMPRESSED   0x00000002   PAD
    0x2007c0a8   COMPRESSED   0x000000d0   Data   RW          314    .data               irq_rit.o
    0x2007c178   COMPRESSED   0x00000004   Data   RW          358    .data               funct_joystick.o
    0x2007c17c   COMPRESSED   0x00000004   PAD
    0x2007c180        -       0x00000044   Zero   RW          461    .bss                touchpanel.o
    0x2007c1c4        -       0x00000060   Zero   RW          695    .bss                c_w.l(libspace.o)
    0x2007c224   COMPRESSED   0x00000004   PAD
    0x2007c228        -       0x00000000   Zero   RW            2    HEAP                startup_lpc17xx.o


==============================================================================

Image component sizes


      Code (inc. data)   RO Data    RW Data    ZI Data      Debug   Object Name

        20          6       1520          0          0        983   asciilib.o
       748         46          0          4          0       1757   funct_joystick.o
     16672         76          0          4          0      53558   glcd.o
       288         10          0         12          0        983   irq_adc.o
       524         46          0        208          0       3003   irq_rit.o
      1464         62          0        158          0      20238   irq_timer.o
        72         18          0          0          0      27039   lib_adc.o
        32         10          0          0          0        412   lib_joystick.o
       108         12          0          0          0        952   lib_rit.o
       348         12          0          0          0      28303   lib_timer.o
        84         10          0          0          0       1421   music.o
     11648         80          0          0          0       9674   myfunctions.o
        38          0          0          0          0        428   reset.o
       136         24          0          0          0       4967   sample.o
        56         22        204          0        512        976   startup_lpc17xx.o
       392         32          0          4          0        787   system_lpc17xx.o
      1944         60          0         20         68       6138   touchpanel.o

    ----------------------------------------------------------------------
     34574        526       1788        412        584     161619   Object Totals
         0          0         64          0          0          0   (incl. Generated)
         0          0          0          2          4          0   (incl. Padding)

    ----------------------------------------------------------------------

      Code (inc. data)   RO Data    RW Data    ZI Data      Debug   Library Member Name

        90          0          0          0          0          0   __dczerorl2.o
         8          0          0          0          0         68   __main.o
       104          0          0          0          0         84   __printf.o
         0          0          0          0          0          0   __rtentry.o
        12          0          0          0          0          0   __rtentry2.o
         6          0          0          0          0          0   __rtentry4.o
        52          8          0          0          0          0   __scatter.o
        26          0          0          0          0          0   __scatter_copy.o
        28          0          0          0          0          0   __scatter_zi.o
        48          6          0          0          0         96   _printf_char_common.o
         6          0          0          0          0          0   _printf_d.o
       120         16          0          0          0         92   _printf_dec.o
       178          0          0          0          0         88   _printf_intcommon.o
         0          0          0          0          0          0   _printf_percent.o
         4          0          0          0          0          0   _printf_percent_end.o
        10          0          0          0          0         68   _sputc.o
        18          0          0          0          0         80   exit.o
         6          0          0          0          0        152   heapauxi.o
         0          0          0          0          0          0   indicate_semi.o
         2          0          0          0          0          0   libinit.o
         2          0          0          0          0          0   libinit2.o
         2          0          0          0          0          0   libshutdown.o
         2          0          0          0          0          0   libshutdown2.o
         8          4          0          0         96         68   libspace.o
        40          6          0          0          0         84   noretval__2sprintf.o
        78          0          0          0          0         80   rt_memclr_w.o
       138          0          0          0          0         68   rt_memcpy_v6.o
       100          0          0          0          0         80   rt_memcpy_w.o
         2          0          0          0          0          0   rtexit.o
        10          0          0          0          0          0   rtexit2.o
        12          4          0          0          0         68   sys_exit.o
        74          0          0          0          0         80   sys_stackheap_outer.o
         2          0          0          0          0         68   use_no_semi.o
       804         16          0          0          0        272   daddsub_clz.o
        24          0          0          0          0         68   dcmpi.o
       688        140          0          0          0        208   ddiv.o
       120          4          0          0          0         92   deqf.o
        90          4          0          0          0         92   dfixu.o
        84          0          0          0          0        136   dflt_clz.o
       340         12          0          0          0        104   dmul.o
       156          4          0          0          0         92   dnaninf.o
        12          0          0          0          0         68   dretinf.o
         0          0          0          0          0          0   usenofp.o

    ----------------------------------------------------------------------
      3518        224          0          0        100       2456   Library Totals
        12          0          0          0          4          0   (incl. Padding)

    ----------------------------------------------------------------------

      Code (inc. data)   RO Data    RW Data    ZI Data      Debug   Library Name

      1188         44          0          0         96       1324   c_w.l
      2318        180          0          0          0       1132   fz_ws.l

    ----------------------------------------------------------------------
      3518        224          0          0        100       2456   Library Totals

    ----------------------------------------------------------------------

==============================================================================


      Code (inc. data)   RO Data    RW Data    ZI Data      Debug   

     38092        750       1788        412        684     162007   Grand Totals
     38092        750       1788        228        684     162007   ELF Image Totals (compressed)
     38092        750       1788        228          0          0   ROM Totals

==============================================================================

    Total RO  Size (Code + RO Data)                39880 (  38.95kB)
    Total RW  Size (RW Data + ZI Data)              1096 (   1.07kB)
    Total ROM Size (Code + RO Data + RW Data)      40108 (  39.17kB)

==============================================================================

